[2026-09-19T17:04:08.831+0000] {local_task_job_runner.py:123} INFO - ::group::Pre task execution logs
[2026-09-19T17:04:08.842+0000] {taskinstance.py:2613} INFO - Dependencies all met for dep_context=non-requeueable deps ti=<TaskInstance: etl_pipeline.extract manual__2026-09-19T17:04:06.402109+00:00 [queued]>
[2026-09-19T17:04:08.845+0000] {taskinstance.py:2613} INFO - Dependencies all met for dep_context=requeueable deps ti=<TaskInstance: etl_pipeline.extract manual__2026-09-19T17:04:06.402109+00:00 [queued]>
[2026-09-19T17:04:08.845+0000] {taskinstance.py:2866} INFO - Starting attempt 1 of 1
[2026-09-19T17:04:08.852+0000] {taskinstance.py:2889} INFO - Executing <Task(_PythonDecoratedOperator): extract> on 2026-09-19 17:04:06.402109+00:00
[2026-09-19T17:04:08.859+0000] {logging_mixin.py:190} WARNING - /home/***/.local/lib/python3.12/site-packages/***/task/task_runner/standard_task_runner.py:70 DeprecationWarning: This process (pid=266) is multi-threaded, use of fork() may lead to deadlocks in the child.
[2026-09-19T17:04:08.859+0000] {standard_task_runner.py:72} INFO - Started process 290 to run task
[2026-09-19T17:04:08.860+0000] {standard_task_runner.py:104} INFO - Running: ['***', 'tasks', 'run', 'etl_pipeline', 'extract', 'manual__2026-09-19T17:04:06.402109+00:00', '--job-id', '4', '--raw', '--subdir', 'DAGS_FOLDER/dags.py', '--cfg-path', '/tmp/tmpcnsom5ak']
[2026-09-19T17:04:08.861+0000] {standard_task_runner.py:105} INFO - Job 4: Subtask extract
[2026-09-19T17:04:08.891+0000] {task_command.py:467} INFO - Running <TaskInstance: etl_pipeline.extract manual__2026-09-19T17:04:06.402109+00:00 [running]> on host 514ec548aec8
[2026-09-19T17:04:08.943+0000] {taskinstance.py:3132} INFO - Exporting env vars: AIRFLOW_CTX_DAG_OWNER='***' AIRFLOW_CTX_DAG_ID='etl_pipeline' AIRFLOW_CTX_TASK_ID='extract' AIRFLOW_CTX_EXECUTION_DATE='2026-09-19T17:04:06.402109+00:00' AIRFLOW_CTX_TRY_NUMBER='1' AIRFLOW_CTX_DAG_RUN_ID='manual__2026-09-19T17:04:06.402109+00:00'
[2026-09-19T17:04:08.944+0000] {taskinstance.py:731} INFO - ::endgroup::
[2026-09-19T17:04:08.945+0000] {logging_mixin.py:190} INFO - Exctracting data...
[2026-09-19T17:04:09.276+0000] {logging_mixin.py:190} INFO - Extraction finished!
[2026-09-19T17:04:09.276+0000] {logging_mixin.py:190} INFO - Saved to /opt/***/data/bronze/weather_raw.json
[2026-09-19T17:04:09.612+0000] {logging_mixin.py:190} INFO - Extraction finished!
[2026-09-19T17:04:09.612+0000] {logging_mixin.py:190} INFO - Saved to /opt/***/data/bronze/weather_raw.json
[2026-09-19T17:04:09.942+0000] {logging_mixin.py:190} INFO - Extraction finished!
[2026-09-19T17:04:09.943+0000] {logging_mixin.py:190} INFO - Saved to /opt/***/data/bronze/weather_raw.json
[2026-09-19T17:04:10.273+0000] {logging_mixin.py:190} INFO - Extraction finished!
[2026-09-19T17:04:10.273+0000] {logging_mixin.py:190} INFO - Saved to /opt/***/data/bronze/weather_raw.json
[2026-09-19T17:04:10.597+0000] {logging_mixin.py:190} INFO - Extraction finished!
[2026-09-19T17:04:10.598+0000] {logging_mixin.py:190} INFO - Saved to /opt/***/data/bronze/weather_raw.json
[2026-09-19T17:04:10.907+0000] {logging_mixin.py:190} INFO - Extraction finished!
[2026-09-19T17:04:10.908+0000] {logging_mixin.py:190} INFO - Saved to /opt/***/data/bronze/weather_raw.json
[2026-09-19T17:04:11.225+0000] {logging_mixin.py:190} INFO - Extraction finished!
[2026-09-19T17:04:11.225+0000] {logging_mixin.py:190} INFO - Saved to /opt/***/data/bronze/weather_raw.json
[2026-09-19T17:04:11.555+0000] {logging_mixin.py:190} INFO - Extraction finished!
[2026-09-19T17:04:11.555+0000] {logging_mixin.py:190} INFO - Saved to /opt/***/data/bronze/weather_raw.json
[2026-09-19T17:04:11.884+0000] {logging_mixin.py:190} INFO - Extraction finished!
[2026-09-19T17:04:11.884+0000] {logging_mixin.py:190} INFO - Saved to /opt/***/data/bronze/weather_raw.json
[2026-09-19T17:04:12.199+0000] {logging_mixin.py:190} INFO - Extraction finished!
[2026-09-19T17:04:12.199+0000] {logging_mixin.py:190} INFO - Saved to /opt/***/data/bronze/weather_raw.json
[2026-09-19T17:04:12.535+0000] {logging_mixin.py:190} INFO - Extraction finished!
[2026-09-19T17:04:12.535+0000] {logging_mixin.py:190} INFO - Saved to /opt/***/data/bronze/weather_raw.json
[2026-09-19T17:04:12.864+0000] {logging_mixin.py:190} INFO - Extraction finished!
[2026-09-19T17:04:12.865+0000] {logging_mixin.py:190} INFO - Saved to /opt/***/data/bronze/weather_raw.json
[2026-09-19T17:04:13.192+0000] {logging_mixin.py:190} INFO - Extraction finished!
[2026-09-19T17:04:13.193+0000] {logging_mixin.py:190} INFO - Saved to /opt/***/data/bronze/weather_raw.json
[2026-09-19T17:04:13.541+0000] {logging_mixin.py:190} INFO - Extraction finished!
[2026-09-19T17:04:13.541+0000] {logging_mixin.py:190} INFO - Saved to /opt/***/data/bronze/weather_raw.json
[2026-09-19T17:04:13.873+0000] {logging_mixin.py:190} INFO - Extraction finished!
[2026-09-19T17:04:13.873+0000] {logging_mixin.py:190} INFO - Saved to /opt/***/data/bronze/weather_raw.json
[2026-09-19T17:04:14.242+0000] {logging_mixin.py:190} INFO - Extraction finished!
[2026-09-19T17:04:14.243+0000] {logging_mixin.py:190} INFO - Saved to /opt/***/data/bronze/weather_raw.json
[2026-09-19T17:04:14.597+0000] {logging_mixin.py:190} INFO - Extraction finished!
[2026-09-19T17:04:14.597+0000] {logging_mixin.py:190} INFO - Saved to /opt/***/data/bronze/weather_raw.json
[2026-09-19T17:04:14.919+0000] {logging_mixin.py:190} INFO - Extraction finished!
[2026-09-19T17:04:14.919+0000] {logging_mixin.py:190} INFO - Saved to /opt/***/data/bronze/weather_raw.json
[2026-09-19T17:04:15.248+0000] {logging_mixin.py:190} INFO - Extraction finished!
[2026-09-19T17:04:15.248+0000] {logging_mixin.py:190} INFO - Saved to /opt/***/data/bronze/weather_raw.json
[2026-09-19T17:04:15.591+0000] {logging_mixin.py:190} INFO - Extraction finished!
[2026-09-19T17:04:15.592+0000] {logging_mixin.py:190} INFO - Saved to /opt/***/data/bronze/weather_raw.json
[2026-09-19T17:04:15.911+0000] {logging_mixin.py:190} INFO - Extraction finished!
[2026-09-19T17:04:15.911+0000] {logging_mixin.py:190} INFO - Saved to /opt/***/data/bronze/weather_raw.json
[2026-09-19T17:04:16.217+0000] {logging_mixin.py:190} INFO - Extraction finished!
[2026-09-19T17:04:16.217+0000] {logging_mixin.py:190} INFO - Saved to /opt/***/data/bronze/weather_raw.json
[2026-09-19T17:04:16.543+0000] {logging_mixin.py:190} INFO - Extraction finished!
[2026-09-19T17:04:16.543+0000] {logging_mixin.py:190} INFO - Saved to /opt/***/data/bronze/weather_raw.json
[2026-09-19T17:04:16.887+0000] {logging_mixin.py:190} INFO - Extraction finished!
[2026-09-19T17:04:16.887+0000] {logging_mixin.py:190} INFO - Saved to /opt/***/data/bronze/weather_raw.json
[2026-09-19T17:04:17.203+0000] {logging_mixin.py:190} INFO - Extraction finished!
[2026-09-19T17:04:17.204+0000] {logging_mixin.py:190} INFO - Saved to /opt/***/data/bronze/weather_raw.json
[2026-09-19T17:04:17.531+0000] {logging_mixin.py:190} INFO - Extraction finished!
[2026-09-19T17:04:17.531+0000] {logging_mixin.py:190} INFO - Saved to /opt/***/data/bronze/weather_raw.json
[2026-09-19T17:04:17.843+0000] {logging_mixin.py:190} INFO - Extraction finished!
[2026-09-19T17:04:17.843+0000] {logging_mixin.py:190} INFO - Saved to /opt/***/data/bronze/weather_raw.json
[2026-09-19T17:04:18.171+0000] {logging_mixin.py:190} INFO - Extraction finished!
[2026-09-19T17:04:18.171+0000] {logging_mixin.py:190} INFO - Saved to /opt/***/data/bronze/weather_raw.json
[2026-09-19T17:04:18.493+0000] {logging_mixin.py:190} INFO - Extraction finished!
[2026-09-19T17:04:18.493+0000] {logging_mixin.py:190} INFO - Saved to /opt/***/data/bronze/weather_raw.json
[2026-09-19T17:04:18.801+0000] {logging_mixin.py:190} INFO - Extraction finished!
[2026-09-19T17:04:18.802+0000] {logging_mixin.py:190} INFO - Saved to /opt/***/data/bronze/weather_raw.json
[2026-09-19T17:04:19.125+0000] {logging_mixin.py:190} INFO - Extraction finished!
[2026-09-19T17:04:19.126+0000] {logging_mixin.py:190} INFO - Saved to /opt/***/data/bronze/weather_raw.json
[2026-09-19T17:04:19.467+0000] {logging_mixin.py:190} INFO - Extraction finished!
[2026-09-19T17:04:19.467+0000] {logging_mixin.py:190} INFO - Saved to /opt/***/data/bronze/weather_raw.json
[2026-09-19T17:04:19.790+0000] {logging_mixin.py:190} INFO - Extraction finished!
[2026-09-19T17:04:19.790+0000] {logging_mixin.py:190} INFO - Saved to /opt/***/data/bronze/weather_raw.json
[2026-09-19T17:04:20.124+0000] {logging_mixin.py:190} INFO - Extraction finished!
[2026-09-19T17:04:20.124+0000] {logging_mixin.py:190} INFO - Saved to /opt/***/data/bronze/weather_raw.json
[2026-09-19T17:04:20.458+0000] {logging_mixin.py:190} INFO - Extraction finished!
[2026-09-19T17:04:20.458+0000] {logging_mixin.py:190} INFO - Saved to /opt/***/data/bronze/weather_raw.json
[2026-09-19T17:04:20.785+0000] {logging_mixin.py:190} INFO - Extraction finished!
[2026-09-19T17:04:20.785+0000] {logging_mixin.py:190} INFO - Saved to /opt/***/data/bronze/weather_raw.json
[2026-09-19T17:04:21.141+0000] {logging_mixin.py:190} INFO - Extraction finished!
[2026-09-19T17:04:21.142+0000] {logging_mixin.py:190} INFO - Saved to /opt/***/data/bronze/weather_raw.json
[2026-09-19T17:04:21.477+0000] {logging_mixin.py:190} INFO - Extraction finished!
[2026-09-19T17:04:21.477+0000] {logging_mixin.py:190} INFO - Saved to /opt/***/data/bronze/weather_raw.json
[2026-09-19T17:04:21.816+0000] {logging_mixin.py:190} INFO - Extraction finished!
[2026-09-19T17:04:21.816+0000] {logging_mixin.py:190} INFO - Saved to /opt/***/data/bronze/weather_raw.json
[2026-09-19T17:04:22.129+0000] {logging_mixin.py:190} INFO - Extraction finished!
[2026-09-19T17:04:22.129+0000] {logging_mixin.py:190} INFO - Saved to /opt/***/data/bronze/weather_raw.json
[2026-09-19T17:04:22.470+0000] {logging_mixin.py:190} INFO - Extraction finished!
[2026-09-19T17:04:22.471+0000] {logging_mixin.py:190} INFO - Saved to /opt/***/data/bronze/weather_raw.json
[2026-09-19T17:04:22.817+0000] {logging_mixin.py:190} INFO - Extraction finished!
[2026-09-19T17:04:22.817+0000] {logging_mixin.py:190} INFO - Saved to /opt/***/data/bronze/weather_raw.json
[2026-09-19T17:04:23.155+0000] {logging_mixin.py:190} INFO - Extraction finished!
[2026-09-19T17:04:23.155+0000] {logging_mixin.py:190} INFO - Saved to /opt/***/data/bronze/weather_raw.json
[2026-09-19T17:04:23.463+0000] {logging_mixin.py:190} INFO - Extraction finished!
[2026-09-19T17:04:23.463+0000] {logging_mixin.py:190} INFO - Saved to /opt/***/data/bronze/weather_raw.json
[2026-09-19T17:04:23.790+0000] {logging_mixin.py:190} INFO - Extraction finished!
[2026-09-19T17:04:23.791+0000] {logging_mixin.py:190} INFO - Saved to /opt/***/data/bronze/weather_raw.json
[2026-09-19T17:04:24.133+0000] {logging_mixin.py:190} INFO - Extraction finished!
[2026-09-19T17:04:24.133+0000] {logging_mixin.py:190} INFO - Saved to /opt/***/data/bronze/weather_raw.json
[2026-09-19T17:04:24.461+0000] {logging_mixin.py:190} INFO - Extraction finished!
[2026-09-19T17:04:24.461+0000] {logging_mixin.py:190} INFO - Saved to /opt/***/data/bronze/weather_raw.json
[2026-09-19T17:04:24.790+0000] {logging_mixin.py:190} INFO - Extraction finished!
[2026-09-19T17:04:24.791+0000] {logging_mixin.py:190} INFO - Saved to /opt/***/data/bronze/weather_raw.json
[2026-09-19T17:04:25.110+0000] {logging_mixin.py:190} INFO - Extraction finished!
[2026-09-19T17:04:25.110+0000] {logging_mixin.py:190} INFO - Saved to /opt/***/data/bronze/weather_raw.json
[2026-09-19T17:04:25.430+0000] {logging_mixin.py:190} INFO - Extraction finished!
[2026-09-19T17:04:25.430+0000] {logging_mixin.py:190} INFO - Saved to /opt/***/data/bronze/weather_raw.json
[2026-09-19T17:04:25.753+0000] {logging_mixin.py:190} INFO - Extraction finished!
[2026-09-19T17:04:25.754+0000] {logging_mixin.py:190} INFO - Saved to /opt/***/data/bronze/weather_raw.json
[2026-09-19T17:04:26.066+0000] {logging_mixin.py:190} INFO - Extraction finished!
[2026-09-19T17:04:26.066+0000] {logging_mixin.py:190} INFO - Saved to /opt/***/data/bronze/weather_raw.json
[2026-09-19T17:04:26.386+0000] {logging_mixin.py:190} INFO - Extraction finished!
[2026-09-19T17:04:26.386+0000] {logging_mixin.py:190} INFO - Saved to /opt/***/data/bronze/weather_raw.json
[2026-09-19T17:04:26.732+0000] {logging_mixin.py:190} INFO - Extraction finished!
[2026-09-19T17:04:26.733+0000] {logging_mixin.py:190} INFO - Saved to /opt/***/data/bronze/weather_raw.json
[2026-09-19T17:04:27.055+0000] {logging_mixin.py:190} INFO - Extraction finished!
[2026-09-19T17:04:27.055+0000] {logging_mixin.py:190} INFO - Saved to /opt/***/data/bronze/weather_raw.json
[2026-09-19T17:04:27.383+0000] {logging_mixin.py:190} INFO - Extraction finished!
[2026-09-19T17:04:27.383+0000] {logging_mixin.py:190} INFO - Saved to /opt/***/data/bronze/weather_raw.json
[2026-09-19T17:04:27.715+0000] {logging_mixin.py:190} INFO - Extraction finished!
[2026-09-19T17:04:27.715+0000] {logging_mixin.py:190} INFO - Saved to /opt/***/data/bronze/weather_raw.json
[2026-09-19T17:04:28.034+0000] {logging_mixin.py:190} INFO - Extraction finished!
[2026-09-19T17:04:28.034+0000] {logging_mixin.py:190} INFO - Saved to /opt/***/data/bronze/weather_raw.json
[2026-09-19T17:04:28.472+0000] {logging_mixin.py:190} INFO - Extraction finished!
[2026-09-19T17:04:28.472+0000] {logging_mixin.py:190} INFO - Saved to /opt/***/data/bronze/weather_raw.json
[2026-09-19T17:04:28.798+0000] {logging_mixin.py:190} INFO - Extraction finished!
[2026-09-19T17:04:28.798+0000] {logging_mixin.py:190} INFO - Saved to /opt/***/data/bronze/weather_raw.json
[2026-09-19T17:04:29.135+0000] {logging_mixin.py:190} INFO - Extraction finished!
[2026-09-19T17:04:29.135+0000] {logging_mixin.py:190} INFO - Saved to /opt/***/data/bronze/weather_raw.json
[2026-09-19T17:04:29.467+0000] {logging_mixin.py:190} INFO - Extraction finished!
[2026-09-19T17:04:29.467+0000] {logging_mixin.py:190} INFO - Saved to /opt/***/data/bronze/weather_raw.json
[2026-09-19T17:04:29.790+0000] {logging_mixin.py:190} INFO - Extraction finished!
[2026-09-19T17:04:29.790+0000] {logging_mixin.py:190} INFO - Saved to /opt/***/data/bronze/weather_raw.json
[2026-09-19T17:04:30.106+0000] {logging_mixin.py:190} INFO - Extraction finished!
[2026-09-19T17:04:30.106+0000] {logging_mixin.py:190} INFO - Saved to /opt/***/data/bronze/weather_raw.json
[2026-09-19T17:04:30.424+0000] {logging_mixin.py:190} INFO - Extraction finished!
[2026-09-19T17:04:30.424+0000] {logging_mixin.py:190} INFO - Saved to /opt/***/data/bronze/weather_raw.json
[2026-09-19T17:04:30.732+0000] {logging_mixin.py:190} INFO - Extraction finished!
[2026-09-19T17:04:30.732+0000] {logging_mixin.py:190} INFO - Saved to /opt/***/data/bronze/weather_raw.json
[2026-09-19T17:04:31.050+0000] {logging_mixin.py:190} INFO - Extraction finished!
[2026-09-19T17:04:31.051+0000] {logging_mixin.py:190} INFO - Saved to /opt/***/data/bronze/weather_raw.json
[2026-09-19T17:04:31.375+0000] {logging_mixin.py:190} INFO - Extraction finished!
[2026-09-19T17:04:31.375+0000] {logging_mixin.py:190} INFO - Saved to /opt/***/data/bronze/weather_raw.json
[2026-09-19T17:04:31.704+0000] {logging_mixin.py:190} INFO - Extraction finished!
[2026-09-19T17:04:31.704+0000] {logging_mixin.py:190} INFO - Saved to /opt/***/data/bronze/weather_raw.json
[2026-09-19T17:04:32.044+0000] {logging_mixin.py:190} INFO - Extraction finished!
[2026-09-19T17:04:32.044+0000] {logging_mixin.py:190} INFO - Saved to /opt/***/data/bronze/weather_raw.json
[2026-09-19T17:04:32.366+0000] {logging_mixin.py:190} INFO - Extraction finished!
[2026-09-19T17:04:32.366+0000] {logging_mixin.py:190} INFO - Saved to /opt/***/data/bronze/weather_raw.json
[2026-09-19T17:04:32.697+0000] {logging_mixin.py:190} INFO - Extraction finished!
[2026-09-19T17:04:32.698+0000] {logging_mixin.py:190} INFO - Saved to /opt/***/data/bronze/weather_raw.json
[2026-09-19T17:04:33.019+0000] {logging_mixin.py:190} INFO - Extraction finished!
[2026-09-19T17:04:33.019+0000] {logging_mixin.py:190} INFO - Saved to /opt/***/data/bronze/weather_raw.json
[2026-09-19T17:04:33.360+0000] {logging_mixin.py:190} INFO - Extraction finished!
[2026-09-19T17:04:33.360+0000] {logging_mixin.py:190} INFO - Saved to /opt/***/data/bronze/weather_raw.json
[2026-09-19T17:04:33.675+0000] {logging_mixin.py:190} INFO - Extraction finished!
[2026-09-19T17:04:33.675+0000] {logging_mixin.py:190} INFO - Saved to /opt/***/data/bronze/weather_raw.json
[2026-09-19T17:04:33.984+0000] {logging_mixin.py:190} INFO - Extraction finished!
[2026-09-19T17:04:33.984+0000] {logging_mixin.py:190} INFO - Saved to /opt/***/data/bronze/weather_raw.json
[2026-09-19T17:04:34.321+0000] {logging_mixin.py:190} INFO - Extraction finished!
[2026-09-19T17:04:34.321+0000] {logging_mixin.py:190} INFO - Saved to /opt/***/data/bronze/weather_raw.json
[2026-09-19T17:04:34.648+0000] {logging_mixin.py:190} INFO - Extraction finished!
[2026-09-19T17:04:34.648+0000] {logging_mixin.py:190} INFO - Saved to /opt/***/data/bronze/weather_raw.json
[2026-09-19T17:04:34.972+0000] {logging_mixin.py:190} INFO - Extraction finished!
[2026-09-19T17:04:34.972+0000] {logging_mixin.py:190} INFO - Saved to /opt/***/data/bronze/weather_raw.json
[2026-09-19T17:04:35.292+0000] {logging_mixin.py:190} INFO - Extraction finished!
[2026-09-19T17:04:35.292+0000] {logging_mixin.py:190} INFO - Saved to /opt/***/data/bronze/weather_raw.json
[2026-09-19T17:04:35.599+0000] {logging_mixin.py:190} INFO - Extraction finished!
[2026-09-19T17:04:35.599+0000] {logging_mixin.py:190} INFO - Saved to /opt/***/data/bronze/weather_raw.json
[2026-09-19T17:04:35.906+0000] {logging_mixin.py:190} INFO - Extraction finished!
[2026-09-19T17:04:35.906+0000] {logging_mixin.py:190} INFO - Saved to /opt/***/data/bronze/weather_raw.json
[2026-09-19T17:04:36.224+0000] {logging_mixin.py:190} INFO - Extraction finished!
[2026-09-19T17:04:36.225+0000] {logging_mixin.py:190} INFO - Saved to /opt/***/data/bronze/weather_raw.json
[2026-09-19T17:04:36.565+0000] {logging_mixin.py:190} INFO - Extraction finished!
[2026-09-19T17:04:36.565+0000] {logging_mixin.py:190} INFO - Saved to /opt/***/data/bronze/weather_raw.json
[2026-09-19T17:04:36.877+0000] {logging_mixin.py:190} INFO - Extraction finished!
[2026-09-19T17:04:36.877+0000] {logging_mixin.py:190} INFO - Saved to /opt/***/data/bronze/weather_raw.json
[2026-09-19T17:04:37.206+0000] {logging_mixin.py:190} INFO - Extraction finished!
[2026-09-19T17:04:37.206+0000] {logging_mixin.py:190} INFO - Saved to /opt/***/data/bronze/weather_raw.json
[2026-09-19T17:04:37.531+0000] {logging_mixin.py:190} INFO - Extraction finished!
[2026-09-19T17:04:37.531+0000] {logging_mixin.py:190} INFO - Saved to /opt/***/data/bronze/weather_raw.json
[2026-09-19T17:04:37.842+0000] {logging_mixin.py:190} INFO - Extraction finished!
[2026-09-19T17:04:37.843+0000] {logging_mixin.py:190} INFO - Saved to /opt/***/data/bronze/weather_raw.json
[2026-09-19T17:04:38.179+0000] {logging_mixin.py:190} INFO - Extraction finished!
[2026-09-19T17:04:38.179+0000] {logging_mixin.py:190} INFO - Saved to /opt/***/data/bronze/weather_raw.json
[2026-09-19T17:04:38.495+0000] {logging_mixin.py:190} INFO - Extraction finished!
[2026-09-19T17:04:38.496+0000] {logging_mixin.py:190} INFO - Saved to /opt/***/data/bronze/weather_raw.json
[2026-09-19T17:04:38.821+0000] {logging_mixin.py:190} INFO - Extraction finished!
[2026-09-19T17:04:38.821+0000] {logging_mixin.py:190} INFO - Saved to /opt/***/data/bronze/weather_raw.json
[2026-09-19T17:04:39.150+0000] {logging_mixin.py:190} INFO - Extraction finished!
[2026-09-19T17:04:39.151+0000] {logging_mixin.py:190} INFO - Saved to /opt/***/data/bronze/weather_raw.json
[2026-09-19T17:04:39.481+0000] {logging_mixin.py:190} INFO - Extraction finished!
[2026-09-19T17:04:39.481+0000] {logging_mixin.py:190} INFO - Saved to /opt/***/data/bronze/weather_raw.json
[2026-09-19T17:04:39.815+0000] {logging_mixin.py:190} INFO - Extraction finished!
[2026-09-19T17:04:39.815+0000] {logging_mixin.py:190} INFO - Saved to /opt/***/data/bronze/weather_raw.json
[2026-09-19T17:04:40.170+0000] {logging_mixin.py:190} INFO - Extraction finished!
[2026-09-19T17:04:40.170+0000] {logging_mixin.py:190} INFO - Saved to /opt/***/data/bronze/weather_raw.json
[2026-09-19T17:04:40.501+0000] {logging_mixin.py:190} INFO - Extraction finished!
[2026-09-19T17:04:40.501+0000] {logging_mixin.py:190} INFO - Saved to /opt/***/data/bronze/weather_raw.json
[2026-09-19T17:04:40.843+0000] {logging_mixin.py:190} INFO - Extraction finished!
[2026-09-19T17:04:40.843+0000] {logging_mixin.py:190} INFO - Saved to /opt/***/data/bronze/weather_raw.json
[2026-09-19T17:04:41.157+0000] {logging_mixin.py:190} INFO - Extraction finished!
[2026-09-19T17:04:41.157+0000] {logging_mixin.py:190} INFO - Saved to /opt/***/data/bronze/weather_raw.json
[2026-09-19T17:04:41.486+0000] {logging_mixin.py:190} INFO - Extraction finished!
[2026-09-19T17:04:41.486+0000] {logging_mixin.py:190} INFO - Saved to /opt/***/data/bronze/weather_raw.json
[2026-09-19T17:04:41.810+0000] {logging_mixin.py:190} INFO - Extraction finished!
[2026-09-19T17:04:41.811+0000] {logging_mixin.py:190} INFO - Saved to /opt/***/data/bronze/weather_raw.json
[2026-09-19T17:04:42.182+0000] {logging_mixin.py:190} INFO - Extraction finished!
[2026-09-19T17:04:42.182+0000] {logging_mixin.py:190} INFO - Saved to /opt/***/data/bronze/weather_raw.json
[2026-09-19T17:04:42.522+0000] {logging_mixin.py:190} INFO - Extraction finished!
[2026-09-19T17:04:42.522+0000] {logging_mixin.py:190} INFO - Saved to /opt/***/data/bronze/weather_raw.json
[2026-09-19T17:04:42.845+0000] {logging_mixin.py:190} INFO - Extraction finished!
[2026-09-19T17:04:42.846+0000] {logging_mixin.py:190} INFO - Saved to /opt/***/data/bronze/weather_raw.json
[2026-09-19T17:04:43.165+0000] {logging_mixin.py:190} INFO - Extraction finished!
[2026-09-19T17:04:43.165+0000] {logging_mixin.py:190} INFO - Saved to /opt/***/data/bronze/weather_raw.json
[2026-09-19T17:04:43.538+0000] {logging_mixin.py:190} INFO - Extraction finished!
[2026-09-19T17:04:43.539+0000] {logging_mixin.py:190} INFO - Saved to /opt/***/data/bronze/weather_raw.json
[2026-09-19T17:04:43.865+0000] {logging_mixin.py:190} INFO - Extraction finished!
[2026-09-19T17:04:43.866+0000] {logging_mixin.py:190} INFO - Saved to /opt/***/data/bronze/weather_raw.json
[2026-09-19T17:04:44.186+0000] {logging_mixin.py:190} INFO - Extraction finished!
[2026-09-19T17:04:44.186+0000] {logging_mixin.py:190} INFO - Saved to /opt/***/data/bronze/weather_raw.json
[2026-09-19T17:04:44.525+0000] {logging_mixin.py:190} INFO - Extraction finished!
[2026-09-19T17:04:44.525+0000] {logging_mixin.py:190} INFO - Saved to /opt/***/data/bronze/weather_raw.json
[2026-09-19T17:04:44.836+0000] {logging_mixin.py:190} INFO - Extraction finished!
[2026-09-19T17:04:44.837+0000] {logging_mixin.py:190} INFO - Saved to /opt/***/data/bronze/weather_raw.json
[2026-09-19T17:04:45.155+0000] {logging_mixin.py:190} INFO - Extraction finished!
[2026-09-19T17:04:45.156+0000] {logging_mixin.py:190} INFO - Saved to /opt/***/data/bronze/weather_raw.json
[2026-09-19T17:04:45.491+0000] {logging_mixin.py:190} INFO - Extraction finished!
[2026-09-19T17:04:45.492+0000] {logging_mixin.py:190} INFO - Saved to /opt/***/data/bronze/weather_raw.json
[2026-09-19T17:04:45.796+0000] {logging_mixin.py:190} INFO - Extraction finished!
[2026-09-19T17:04:45.797+0000] {logging_mixin.py:190} INFO - Saved to /opt/***/data/bronze/weather_raw.json
[2026-09-19T17:04:46.141+0000] {logging_mixin.py:190} INFO - Extraction finished!
[2026-09-19T17:04:46.141+0000] {logging_mixin.py:190} INFO - Saved to /opt/***/data/bronze/weather_raw.json
[2026-09-19T17:04:46.466+0000] {logging_mixin.py:190} INFO - Extraction finished!
[2026-09-19T17:04:46.466+0000] {logging_mixin.py:190} INFO - Saved to /opt/***/data/bronze/weather_raw.json
[2026-09-19T17:04:46.806+0000] {logging_mixin.py:190} INFO - Extraction finished!
[2026-09-19T17:04:46.806+0000] {logging_mixin.py:190} INFO - Saved to /opt/***/data/bronze/weather_raw.json
[2026-09-19T17:04:47.123+0000] {logging_mixin.py:190} INFO - Extraction finished!
[2026-09-19T17:04:47.123+0000] {logging_mixin.py:190} INFO - Saved to /opt/***/data/bronze/weather_raw.json
[2026-09-19T17:04:47.425+0000] {logging_mixin.py:190} INFO - Extraction finished!
[2026-09-19T17:04:47.426+0000] {logging_mixin.py:190} INFO - Saved to /opt/***/data/bronze/weather_raw.json
[2026-09-19T17:04:47.738+0000] {logging_mixin.py:190} INFO - Extraction finished!
[2026-09-19T17:04:47.738+0000] {logging_mixin.py:190} INFO - Saved to /opt/***/data/bronze/weather_raw.json
[2026-09-19T17:04:48.050+0000] {logging_mixin.py:190} INFO - Extraction finished!
[2026-09-19T17:04:48.050+0000] {logging_mixin.py:190} INFO - Saved to /opt/***/data/bronze/weather_raw.json
[2026-09-19T17:04:48.404+0000] {logging_mixin.py:190} INFO - Extraction finished!
[2026-09-19T17:04:48.404+0000] {logging_mixin.py:190} INFO - Saved to /opt/***/data/bronze/weather_raw.json
[2026-09-19T17:04:48.405+0000] {logging_mixin.py:190} INFO - Data loaded successefully.
[2026-09-19T17:04:48.405+0000] {python.py:240} INFO - Done. Returned value was: None
[2026-09-19T17:04:48.413+0000] {taskinstance.py:340} INFO - ::group::Post task execution logs
[2026-09-19T17:04:48.413+0000] {taskinstance.py:352} INFO - Marking task as SUCCESS. dag_id=etl_pipeline, task_id=extract, run_id=manual__2026-09-19T17:04:06.402109+00:00, execution_date=20260919T170406, start_date=20260919T170408, end_date=20260919T170448
[2026-09-19T17:04:48.455+0000] {local_task_job_runner.py:266} INFO - Task exited with return code 0
[2026-09-19T17:04:48.471+0000] {taskinstance.py:3895} INFO - 1 downstream tasks scheduled from follow-on schedule check
[2026-09-19T17:04:48.472+0000] {local_task_job_runner.py:245} INFO - ::endgroup::
