[2026-09-19T18:10:27.796+0000] {local_task_job_runner.py:123} INFO - ::group::Pre task execution logs
[2026-09-19T18:10:27.806+0000] {taskinstance.py:2613} INFO - Dependencies all met for dep_context=non-requeueable deps ti=<TaskInstance: etl_pipeline.save manual__2026-09-19T18:09:39.323089+00:00 [queued]>
[2026-09-19T18:10:27.810+0000] {taskinstance.py:2613} INFO - Dependencies all met for dep_context=requeueable deps ti=<TaskInstance: etl_pipeline.save manual__2026-09-19T18:09:39.323089+00:00 [queued]>
[2026-09-19T18:10:27.810+0000] {taskinstance.py:2866} INFO - Starting attempt 1 of 1
[2026-09-19T18:10:27.816+0000] {taskinstance.py:2889} INFO - Executing <Task(_PythonDecoratedOperator): save> on 2026-09-19 18:09:39.323089+00:00
[2026-09-19T18:10:27.820+0000] {logging_mixin.py:190} WARNING - /home/***/.local/lib/python3.12/site-packages/***/task/task_runner/standard_task_runner.py:70 DeprecationWarning: This process (pid=132) is multi-threaded, use of fork() may lead to deadlocks in the child.
[2026-09-19T18:10:27.821+0000] {standard_task_runner.py:72} INFO - Started process 156 to run task
[2026-09-19T18:10:27.822+0000] {standard_task_runner.py:104} INFO - Running: ['***', 'tasks', 'run', 'etl_pipeline', 'save', 'manual__2026-09-19T18:09:39.323089+00:00', '--job-id', '4', '--raw', '--subdir', 'DAGS_FOLDER/dags.py', '--cfg-path', '/tmp/tmpf4qhs2gh']
[2026-09-19T18:10:27.824+0000] {standard_task_runner.py:105} INFO - Job 4: Subtask save
[2026-09-19T18:10:27.851+0000] {task_command.py:467} INFO - Running <TaskInstance: etl_pipeline.save manual__2026-09-19T18:09:39.323089+00:00 [running]> on host 4d7b36382de9
[2026-09-19T18:10:27.896+0000] {taskinstance.py:3132} INFO - Exporting env vars: AIRFLOW_CTX_DAG_OWNER='***' AIRFLOW_CTX_DAG_ID='etl_pipeline' AIRFLOW_CTX_TASK_ID='save' AIRFLOW_CTX_EXECUTION_DATE='2026-09-19T18:09:39.323089+00:00' AIRFLOW_CTX_TRY_NUMBER='1' AIRFLOW_CTX_DAG_RUN_ID='manual__2026-09-19T18:09:39.323089+00:00'
[2026-09-19T18:10:27.897+0000] {taskinstance.py:731} INFO - ::endgroup::
[2026-09-19T18:10:27.898+0000] {logging_mixin.py:190} INFO - Saving data...
[2026-09-19T18:10:27.934+0000] {logging_mixin.py:190} INFO - Loaded 120 rows into 'cities_gold'.
[2026-09-19T18:10:27.965+0000] {logging_mixin.py:190} INFO - Loaded 840 rows into 'weather_gold'.
[2026-09-19T18:10:27.966+0000] {logging_mixin.py:190} INFO - Data loaded and saved successefully.
[2026-09-19T18:10:27.966+0000] {python.py:240} INFO - Done. Returned value was: None
[2026-09-19T18:10:27.976+0000] {taskinstance.py:340} INFO - ::group::Post task execution logs
[2026-09-19T18:10:27.976+0000] {taskinstance.py:352} INFO - Marking task as SUCCESS. dag_id=etl_pipeline, task_id=save, run_id=manual__2026-09-19T18:09:39.323089+00:00, execution_date=20260919T180939, start_date=20260919T181027, end_date=20260919T181027
[2026-09-19T18:10:27.994+0000] {local_task_job_runner.py:266} INFO - Task exited with return code 0
[2026-09-19T18:10:28.007+0000] {taskinstance.py:3895} INFO - 0 downstream tasks scheduled from follow-on schedule check
[2026-09-19T18:10:28.008+0000] {local_task_job_runner.py:245} INFO - ::endgroup::
