[2026-09-19T18:01:04.740+0000] {local_task_job_runner.py:123} INFO - ::group::Pre task execution logs
[2026-09-19T18:01:04.750+0000] {taskinstance.py:2613} INFO - Dependencies all met for dep_context=non-requeueable deps ti=<TaskInstance: etl_pipeline.extract manual__2026-09-19T18:01:02.433387+00:00 [queued]>
[2026-09-19T18:01:04.753+0000] {taskinstance.py:2613} INFO - Dependencies all met for dep_context=requeueable deps ti=<TaskInstance: etl_pipeline.extract manual__2026-09-19T18:01:02.433387+00:00 [queued]>
[2026-09-19T18:01:04.753+0000] {taskinstance.py:2866} INFO - Starting attempt 1 of 1
[2026-09-19T18:01:04.759+0000] {taskinstance.py:2889} INFO - Executing <Task(_PythonDecoratedOperator): extract> on 2026-09-19 18:01:02.433387+00:00
[2026-09-19T18:01:04.763+0000] {logging_mixin.py:190} WARNING - /home/***/.local/lib/python3.12/site-packages/***/task/task_runner/standard_task_runner.py:70 DeprecationWarning: This process (pid=47) is multi-threaded, use of fork() may lead to deadlocks in the child.
[2026-09-19T18:01:04.763+0000] {standard_task_runner.py:72} INFO - Started process 71 to run task
[2026-09-19T18:01:04.764+0000] {standard_task_runner.py:104} INFO - Running: ['***', 'tasks', 'run', 'etl_pipeline', 'extract', 'manual__2026-09-19T18:01:02.433387+00:00', '--job-id', '2', '--raw', '--subdir', 'DAGS_FOLDER/dags.py', '--cfg-path', '/tmp/tmp6lc07t29']
[2026-09-19T18:01:04.765+0000] {standard_task_runner.py:105} INFO - Job 2: Subtask extract
[2026-09-19T18:01:04.795+0000] {task_command.py:467} INFO - Running <TaskInstance: etl_pipeline.extract manual__2026-09-19T18:01:02.433387+00:00 [running]> on host 16c54c316f87
[2026-09-19T18:01:04.850+0000] {taskinstance.py:3132} INFO - Exporting env vars: AIRFLOW_CTX_DAG_OWNER='***' AIRFLOW_CTX_DAG_ID='etl_pipeline' AIRFLOW_CTX_TASK_ID='extract' AIRFLOW_CTX_EXECUTION_DATE='2026-09-19T18:01:02.433387+00:00' AIRFLOW_CTX_TRY_NUMBER='1' AIRFLOW_CTX_DAG_RUN_ID='manual__2026-09-19T18:01:02.433387+00:00'
[2026-09-19T18:01:04.851+0000] {taskinstance.py:731} INFO - ::endgroup::
[2026-09-19T18:01:04.852+0000] {logging_mixin.py:190} INFO - Exctracting data...
[2026-09-19T18:01:05.189+0000] {logging_mixin.py:190} INFO - Extraction finished!
[2026-09-19T18:01:05.190+0000] {logging_mixin.py:190} INFO - Saved to /opt/***/data/bronze/weather_raw.json
[2026-09-19T18:01:05.536+0000] {logging_mixin.py:190} INFO - Extraction finished!
[2026-09-19T18:01:05.536+0000] {logging_mixin.py:190} INFO - Saved to /opt/***/data/bronze/weather_raw.json
[2026-09-19T18:01:05.890+0000] {logging_mixin.py:190} INFO - Extraction finished!
[2026-09-19T18:01:05.890+0000] {logging_mixin.py:190} INFO - Saved to /opt/***/data/bronze/weather_raw.json
[2026-09-19T18:01:06.234+0000] {logging_mixin.py:190} INFO - Extraction finished!
[2026-09-19T18:01:06.235+0000] {logging_mixin.py:190} INFO - Saved to /opt/***/data/bronze/weather_raw.json
[2026-09-19T18:01:06.580+0000] {logging_mixin.py:190} INFO - Extraction finished!
[2026-09-19T18:01:06.580+0000] {logging_mixin.py:190} INFO - Saved to /opt/***/data/bronze/weather_raw.json
[2026-09-19T18:01:06.921+0000] {logging_mixin.py:190} INFO - Extraction finished!
[2026-09-19T18:01:06.921+0000] {logging_mixin.py:190} INFO - Saved to /opt/***/data/bronze/weather_raw.json
[2026-09-19T18:01:07.258+0000] {logging_mixin.py:190} INFO - Extraction finished!
[2026-09-19T18:01:07.258+0000] {logging_mixin.py:190} INFO - Saved to /opt/***/data/bronze/weather_raw.json
[2026-09-19T18:01:07.602+0000] {logging_mixin.py:190} INFO - Extraction finished!
[2026-09-19T18:01:07.602+0000] {logging_mixin.py:190} INFO - Saved to /opt/***/data/bronze/weather_raw.json
[2026-09-19T18:01:07.948+0000] {logging_mixin.py:190} INFO - Extraction finished!
[2026-09-19T18:01:07.948+0000] {logging_mixin.py:190} INFO - Saved to /opt/***/data/bronze/weather_raw.json
[2026-09-19T18:01:08.288+0000] {logging_mixin.py:190} INFO - Extraction finished!
[2026-09-19T18:01:08.288+0000] {logging_mixin.py:190} INFO - Saved to /opt/***/data/bronze/weather_raw.json
[2026-09-19T18:01:08.609+0000] {logging_mixin.py:190} INFO - Extraction finished!
[2026-09-19T18:01:08.610+0000] {logging_mixin.py:190} INFO - Saved to /opt/***/data/bronze/weather_raw.json
[2026-09-19T18:01:08.943+0000] {logging_mixin.py:190} INFO - Extraction finished!
[2026-09-19T18:01:08.943+0000] {logging_mixin.py:190} INFO - Saved to /opt/***/data/bronze/weather_raw.json
[2026-09-19T18:01:09.278+0000] {logging_mixin.py:190} INFO - Extraction finished!
[2026-09-19T18:01:09.278+0000] {logging_mixin.py:190} INFO - Saved to /opt/***/data/bronze/weather_raw.json
[2026-09-19T18:01:09.615+0000] {logging_mixin.py:190} INFO - Extraction finished!
[2026-09-19T18:01:09.616+0000] {logging_mixin.py:190} INFO - Saved to /opt/***/data/bronze/weather_raw.json
[2026-09-19T18:01:09.970+0000] {logging_mixin.py:190} INFO - Extraction finished!
[2026-09-19T18:01:09.970+0000] {logging_mixin.py:190} INFO - Saved to /opt/***/data/bronze/weather_raw.json
[2026-09-19T18:01:10.315+0000] {logging_mixin.py:190} INFO - Extraction finished!
[2026-09-19T18:01:10.315+0000] {logging_mixin.py:190} INFO - Saved to /opt/***/data/bronze/weather_raw.json
[2026-09-19T18:01:10.696+0000] {logging_mixin.py:190} INFO - Extraction finished!
[2026-09-19T18:01:10.696+0000] {logging_mixin.py:190} INFO - Saved to /opt/***/data/bronze/weather_raw.json
[2026-09-19T18:01:11.058+0000] {logging_mixin.py:190} INFO - Extraction finished!
[2026-09-19T18:01:11.059+0000] {logging_mixin.py:190} INFO - Saved to /opt/***/data/bronze/weather_raw.json
[2026-09-19T18:01:11.394+0000] {logging_mixin.py:190} INFO - Extraction finished!
[2026-09-19T18:01:11.394+0000] {logging_mixin.py:190} INFO - Saved to /opt/***/data/bronze/weather_raw.json
[2026-09-19T18:01:11.722+0000] {logging_mixin.py:190} INFO - Extraction finished!
[2026-09-19T18:01:11.723+0000] {logging_mixin.py:190} INFO - Saved to /opt/***/data/bronze/weather_raw.json
[2026-09-19T18:01:12.049+0000] {logging_mixin.py:190} INFO - Extraction finished!
[2026-09-19T18:01:12.049+0000] {logging_mixin.py:190} INFO - Saved to /opt/***/data/bronze/weather_raw.json
[2026-09-19T18:01:12.400+0000] {logging_mixin.py:190} INFO - Extraction finished!
[2026-09-19T18:01:12.400+0000] {logging_mixin.py:190} INFO - Saved to /opt/***/data/bronze/weather_raw.json
[2026-09-19T18:01:12.717+0000] {logging_mixin.py:190} INFO - Extraction finished!
[2026-09-19T18:01:12.717+0000] {logging_mixin.py:190} INFO - Saved to /opt/***/data/bronze/weather_raw.json
[2026-09-19T18:01:13.029+0000] {logging_mixin.py:190} INFO - Extraction finished!
[2026-09-19T18:01:13.029+0000] {logging_mixin.py:190} INFO - Saved to /opt/***/data/bronze/weather_raw.json
[2026-09-19T18:01:13.354+0000] {logging_mixin.py:190} INFO - Extraction finished!
[2026-09-19T18:01:13.355+0000] {logging_mixin.py:190} INFO - Saved to /opt/***/data/bronze/weather_raw.json
[2026-09-19T18:01:13.710+0000] {logging_mixin.py:190} INFO - Extraction finished!
[2026-09-19T18:01:13.710+0000] {logging_mixin.py:190} INFO - Saved to /opt/***/data/bronze/weather_raw.json
[2026-09-19T18:01:14.090+0000] {logging_mixin.py:190} INFO - Extraction finished!
[2026-09-19T18:01:14.090+0000] {logging_mixin.py:190} INFO - Saved to /opt/***/data/bronze/weather_raw.json
[2026-09-19T18:01:14.444+0000] {logging_mixin.py:190} INFO - Extraction finished!
[2026-09-19T18:01:14.444+0000] {logging_mixin.py:190} INFO - Saved to /opt/***/data/bronze/weather_raw.json
[2026-09-19T18:01:14.790+0000] {logging_mixin.py:190} INFO - Extraction finished!
[2026-09-19T18:01:14.790+0000] {logging_mixin.py:190} INFO - Saved to /opt/***/data/bronze/weather_raw.json
[2026-09-19T18:01:15.143+0000] {logging_mixin.py:190} INFO - Extraction finished!
[2026-09-19T18:01:15.144+0000] {logging_mixin.py:190} INFO - Saved to /opt/***/data/bronze/weather_raw.json
[2026-09-19T18:01:15.482+0000] {logging_mixin.py:190} INFO - Extraction finished!
[2026-09-19T18:01:15.482+0000] {logging_mixin.py:190} INFO - Saved to /opt/***/data/bronze/weather_raw.json
[2026-09-19T18:01:15.830+0000] {logging_mixin.py:190} INFO - Extraction finished!
[2026-09-19T18:01:15.830+0000] {logging_mixin.py:190} INFO - Saved to /opt/***/data/bronze/weather_raw.json
[2026-09-19T18:01:16.170+0000] {logging_mixin.py:190} INFO - Extraction finished!
[2026-09-19T18:01:16.170+0000] {logging_mixin.py:190} INFO - Saved to /opt/***/data/bronze/weather_raw.json
[2026-09-19T18:01:16.509+0000] {logging_mixin.py:190} INFO - Extraction finished!
[2026-09-19T18:01:16.509+0000] {logging_mixin.py:190} INFO - Saved to /opt/***/data/bronze/weather_raw.json
[2026-09-19T18:01:16.835+0000] {logging_mixin.py:190} INFO - Extraction finished!
[2026-09-19T18:01:16.835+0000] {logging_mixin.py:190} INFO - Saved to /opt/***/data/bronze/weather_raw.json
[2026-09-19T18:01:17.189+0000] {logging_mixin.py:190} INFO - Extraction finished!
[2026-09-19T18:01:17.190+0000] {logging_mixin.py:190} INFO - Saved to /opt/***/data/bronze/weather_raw.json
[2026-09-19T18:01:17.542+0000] {logging_mixin.py:190} INFO - Extraction finished!
[2026-09-19T18:01:17.542+0000] {logging_mixin.py:190} INFO - Saved to /opt/***/data/bronze/weather_raw.json
[2026-09-19T18:01:17.860+0000] {logging_mixin.py:190} INFO - Extraction finished!
[2026-09-19T18:01:17.861+0000] {logging_mixin.py:190} INFO - Saved to /opt/***/data/bronze/weather_raw.json
[2026-09-19T18:01:18.185+0000] {logging_mixin.py:190} INFO - Extraction finished!
[2026-09-19T18:01:18.185+0000] {logging_mixin.py:190} INFO - Saved to /opt/***/data/bronze/weather_raw.json
[2026-09-19T18:01:18.535+0000] {logging_mixin.py:190} INFO - Extraction finished!
[2026-09-19T18:01:18.536+0000] {logging_mixin.py:190} INFO - Saved to /opt/***/data/bronze/weather_raw.json
[2026-09-19T18:01:18.883+0000] {logging_mixin.py:190} INFO - Extraction finished!
[2026-09-19T18:01:18.883+0000] {logging_mixin.py:190} INFO - Saved to /opt/***/data/bronze/weather_raw.json
[2026-09-19T18:01:19.253+0000] {logging_mixin.py:190} INFO - Extraction finished!
[2026-09-19T18:01:19.253+0000] {logging_mixin.py:190} INFO - Saved to /opt/***/data/bronze/weather_raw.json
[2026-09-19T18:01:19.620+0000] {logging_mixin.py:190} INFO - Extraction finished!
[2026-09-19T18:01:19.620+0000] {logging_mixin.py:190} INFO - Saved to /opt/***/data/bronze/weather_raw.json
[2026-09-19T18:01:19.961+0000] {logging_mixin.py:190} INFO - Extraction finished!
[2026-09-19T18:01:19.962+0000] {logging_mixin.py:190} INFO - Saved to /opt/***/data/bronze/weather_raw.json
[2026-09-19T18:01:20.305+0000] {logging_mixin.py:190} INFO - Extraction finished!
[2026-09-19T18:01:20.306+0000] {logging_mixin.py:190} INFO - Saved to /opt/***/data/bronze/weather_raw.json
[2026-09-19T18:01:20.634+0000] {logging_mixin.py:190} INFO - Extraction finished!
[2026-09-19T18:01:20.635+0000] {logging_mixin.py:190} INFO - Saved to /opt/***/data/bronze/weather_raw.json
[2026-09-19T18:01:20.961+0000] {logging_mixin.py:190} INFO - Extraction finished!
[2026-09-19T18:01:20.961+0000] {logging_mixin.py:190} INFO - Saved to /opt/***/data/bronze/weather_raw.json
[2026-09-19T18:01:21.321+0000] {logging_mixin.py:190} INFO - Extraction finished!
[2026-09-19T18:01:21.321+0000] {logging_mixin.py:190} INFO - Saved to /opt/***/data/bronze/weather_raw.json
[2026-09-19T18:01:21.670+0000] {logging_mixin.py:190} INFO - Extraction finished!
[2026-09-19T18:01:21.671+0000] {logging_mixin.py:190} INFO - Saved to /opt/***/data/bronze/weather_raw.json
[2026-09-19T18:01:22.056+0000] {logging_mixin.py:190} INFO - Extraction finished!
[2026-09-19T18:01:22.056+0000] {logging_mixin.py:190} INFO - Saved to /opt/***/data/bronze/weather_raw.json
[2026-09-19T18:01:22.383+0000] {logging_mixin.py:190} INFO - Extraction finished!
[2026-09-19T18:01:22.383+0000] {logging_mixin.py:190} INFO - Saved to /opt/***/data/bronze/weather_raw.json
[2026-09-19T18:01:22.722+0000] {logging_mixin.py:190} INFO - Extraction finished!
[2026-09-19T18:01:22.723+0000] {logging_mixin.py:190} INFO - Saved to /opt/***/data/bronze/weather_raw.json
[2026-09-19T18:01:23.065+0000] {logging_mixin.py:190} INFO - Extraction finished!
[2026-09-19T18:01:23.065+0000] {logging_mixin.py:190} INFO - Saved to /opt/***/data/bronze/weather_raw.json
[2026-09-19T18:01:23.416+0000] {logging_mixin.py:190} INFO - Extraction finished!
[2026-09-19T18:01:23.417+0000] {logging_mixin.py:190} INFO - Saved to /opt/***/data/bronze/weather_raw.json
[2026-09-19T18:01:23.762+0000] {logging_mixin.py:190} INFO - Extraction finished!
[2026-09-19T18:01:23.762+0000] {logging_mixin.py:190} INFO - Saved to /opt/***/data/bronze/weather_raw.json
[2026-09-19T18:01:24.122+0000] {logging_mixin.py:190} INFO - Extraction finished!
[2026-09-19T18:01:24.123+0000] {logging_mixin.py:190} INFO - Saved to /opt/***/data/bronze/weather_raw.json
[2026-09-19T18:01:24.453+0000] {logging_mixin.py:190} INFO - Extraction finished!
[2026-09-19T18:01:24.453+0000] {logging_mixin.py:190} INFO - Saved to /opt/***/data/bronze/weather_raw.json
[2026-09-19T18:01:24.804+0000] {logging_mixin.py:190} INFO - Extraction finished!
[2026-09-19T18:01:24.804+0000] {logging_mixin.py:190} INFO - Saved to /opt/***/data/bronze/weather_raw.json
[2026-09-19T18:01:25.143+0000] {logging_mixin.py:190} INFO - Extraction finished!
[2026-09-19T18:01:25.143+0000] {logging_mixin.py:190} INFO - Saved to /opt/***/data/bronze/weather_raw.json
[2026-09-19T18:01:25.487+0000] {logging_mixin.py:190} INFO - Extraction finished!
[2026-09-19T18:01:25.487+0000] {logging_mixin.py:190} INFO - Saved to /opt/***/data/bronze/weather_raw.json
[2026-09-19T18:01:25.823+0000] {logging_mixin.py:190} INFO - Extraction finished!
[2026-09-19T18:01:25.823+0000] {logging_mixin.py:190} INFO - Saved to /opt/***/data/bronze/weather_raw.json
[2026-09-19T18:01:26.161+0000] {logging_mixin.py:190} INFO - Extraction finished!
[2026-09-19T18:01:26.161+0000] {logging_mixin.py:190} INFO - Saved to /opt/***/data/bronze/weather_raw.json
[2026-09-19T18:01:26.489+0000] {logging_mixin.py:190} INFO - Extraction finished!
[2026-09-19T18:01:26.490+0000] {logging_mixin.py:190} INFO - Saved to /opt/***/data/bronze/weather_raw.json
[2026-09-19T18:01:26.837+0000] {logging_mixin.py:190} INFO - Extraction finished!
[2026-09-19T18:01:26.837+0000] {logging_mixin.py:190} INFO - Saved to /opt/***/data/bronze/weather_raw.json
[2026-09-19T18:01:27.188+0000] {logging_mixin.py:190} INFO - Extraction finished!
[2026-09-19T18:01:27.188+0000] {logging_mixin.py:190} INFO - Saved to /opt/***/data/bronze/weather_raw.json
[2026-09-19T18:01:27.531+0000] {logging_mixin.py:190} INFO - Extraction finished!
[2026-09-19T18:01:27.531+0000] {logging_mixin.py:190} INFO - Saved to /opt/***/data/bronze/weather_raw.json
[2026-09-19T18:01:27.867+0000] {logging_mixin.py:190} INFO - Extraction finished!
[2026-09-19T18:01:27.867+0000] {logging_mixin.py:190} INFO - Saved to /opt/***/data/bronze/weather_raw.json
[2026-09-19T18:01:28.222+0000] {logging_mixin.py:190} INFO - Extraction finished!
[2026-09-19T18:01:28.222+0000] {logging_mixin.py:190} INFO - Saved to /opt/***/data/bronze/weather_raw.json
[2026-09-19T18:01:28.550+0000] {logging_mixin.py:190} INFO - Extraction finished!
[2026-09-19T18:01:28.550+0000] {logging_mixin.py:190} INFO - Saved to /opt/***/data/bronze/weather_raw.json
[2026-09-19T18:01:28.877+0000] {logging_mixin.py:190} INFO - Extraction finished!
[2026-09-19T18:01:28.877+0000] {logging_mixin.py:190} INFO - Saved to /opt/***/data/bronze/weather_raw.json
[2026-09-19T18:01:29.209+0000] {logging_mixin.py:190} INFO - Extraction finished!
[2026-09-19T18:01:29.209+0000] {logging_mixin.py:190} INFO - Saved to /opt/***/data/bronze/weather_raw.json
[2026-09-19T18:01:29.561+0000] {logging_mixin.py:190} INFO - Extraction finished!
[2026-09-19T18:01:29.561+0000] {logging_mixin.py:190} INFO - Saved to /opt/***/data/bronze/weather_raw.json
[2026-09-19T18:01:29.906+0000] {logging_mixin.py:190} INFO - Extraction finished!
[2026-09-19T18:01:29.906+0000] {logging_mixin.py:190} INFO - Saved to /opt/***/data/bronze/weather_raw.json
[2026-09-19T18:01:30.239+0000] {logging_mixin.py:190} INFO - Extraction finished!
[2026-09-19T18:01:30.239+0000] {logging_mixin.py:190} INFO - Saved to /opt/***/data/bronze/weather_raw.json
[2026-09-19T18:01:30.580+0000] {logging_mixin.py:190} INFO - Extraction finished!
[2026-09-19T18:01:30.581+0000] {logging_mixin.py:190} INFO - Saved to /opt/***/data/bronze/weather_raw.json
[2026-09-19T18:01:30.920+0000] {logging_mixin.py:190} INFO - Extraction finished!
[2026-09-19T18:01:30.920+0000] {logging_mixin.py:190} INFO - Saved to /opt/***/data/bronze/weather_raw.json
[2026-09-19T18:01:31.261+0000] {logging_mixin.py:190} INFO - Extraction finished!
[2026-09-19T18:01:31.261+0000] {logging_mixin.py:190} INFO - Saved to /opt/***/data/bronze/weather_raw.json
[2026-09-19T18:01:31.617+0000] {logging_mixin.py:190} INFO - Extraction finished!
[2026-09-19T18:01:31.617+0000] {logging_mixin.py:190} INFO - Saved to /opt/***/data/bronze/weather_raw.json
[2026-09-19T18:01:31.946+0000] {logging_mixin.py:190} INFO - Extraction finished!
[2026-09-19T18:01:31.946+0000] {logging_mixin.py:190} INFO - Saved to /opt/***/data/bronze/weather_raw.json
[2026-09-19T18:01:32.284+0000] {logging_mixin.py:190} INFO - Extraction finished!
[2026-09-19T18:01:32.284+0000] {logging_mixin.py:190} INFO - Saved to /opt/***/data/bronze/weather_raw.json
[2026-09-19T18:01:32.626+0000] {logging_mixin.py:190} INFO - Extraction finished!
[2026-09-19T18:01:32.627+0000] {logging_mixin.py:190} INFO - Saved to /opt/***/data/bronze/weather_raw.json
[2026-09-19T18:01:32.977+0000] {logging_mixin.py:190} INFO - Extraction finished!
[2026-09-19T18:01:32.977+0000] {logging_mixin.py:190} INFO - Saved to /opt/***/data/bronze/weather_raw.json
[2026-09-19T18:01:33.317+0000] {logging_mixin.py:190} INFO - Extraction finished!
[2026-09-19T18:01:33.317+0000] {logging_mixin.py:190} INFO - Saved to /opt/***/data/bronze/weather_raw.json
[2026-09-19T18:01:33.683+0000] {logging_mixin.py:190} INFO - Extraction finished!
[2026-09-19T18:01:33.683+0000] {logging_mixin.py:190} INFO - Saved to /opt/***/data/bronze/weather_raw.json
[2026-09-19T18:01:34.369+0000] {logging_mixin.py:190} INFO - Extraction finished!
[2026-09-19T18:01:34.369+0000] {logging_mixin.py:190} INFO - Saved to /opt/***/data/bronze/weather_raw.json
[2026-09-19T18:01:34.718+0000] {logging_mixin.py:190} INFO - Extraction finished!
[2026-09-19T18:01:34.718+0000] {logging_mixin.py:190} INFO - Saved to /opt/***/data/bronze/weather_raw.json
[2026-09-19T18:01:35.055+0000] {logging_mixin.py:190} INFO - Extraction finished!
[2026-09-19T18:01:35.056+0000] {logging_mixin.py:190} INFO - Saved to /opt/***/data/bronze/weather_raw.json
[2026-09-19T18:01:35.379+0000] {logging_mixin.py:190} INFO - Extraction finished!
[2026-09-19T18:01:35.379+0000] {logging_mixin.py:190} INFO - Saved to /opt/***/data/bronze/weather_raw.json
[2026-09-19T18:01:35.718+0000] {logging_mixin.py:190} INFO - Extraction finished!
[2026-09-19T18:01:35.718+0000] {logging_mixin.py:190} INFO - Saved to /opt/***/data/bronze/weather_raw.json
[2026-09-19T18:01:36.071+0000] {logging_mixin.py:190} INFO - Extraction finished!
[2026-09-19T18:01:36.072+0000] {logging_mixin.py:190} INFO - Saved to /opt/***/data/bronze/weather_raw.json
[2026-09-19T18:01:36.398+0000] {logging_mixin.py:190} INFO - Extraction finished!
[2026-09-19T18:01:36.399+0000] {logging_mixin.py:190} INFO - Saved to /opt/***/data/bronze/weather_raw.json
[2026-09-19T18:01:36.733+0000] {logging_mixin.py:190} INFO - Extraction finished!
[2026-09-19T18:01:36.734+0000] {logging_mixin.py:190} INFO - Saved to /opt/***/data/bronze/weather_raw.json
[2026-09-19T18:01:37.077+0000] {logging_mixin.py:190} INFO - Extraction finished!
[2026-09-19T18:01:37.077+0000] {logging_mixin.py:190} INFO - Saved to /opt/***/data/bronze/weather_raw.json
[2026-09-19T18:01:37.410+0000] {logging_mixin.py:190} INFO - Extraction finished!
[2026-09-19T18:01:37.410+0000] {logging_mixin.py:190} INFO - Saved to /opt/***/data/bronze/weather_raw.json
[2026-09-19T18:01:37.726+0000] {logging_mixin.py:190} INFO - Extraction finished!
[2026-09-19T18:01:37.726+0000] {logging_mixin.py:190} INFO - Saved to /opt/***/data/bronze/weather_raw.json
[2026-09-19T18:01:38.055+0000] {logging_mixin.py:190} INFO - Extraction finished!
[2026-09-19T18:01:38.055+0000] {logging_mixin.py:190} INFO - Saved to /opt/***/data/bronze/weather_raw.json
[2026-09-19T18:01:38.397+0000] {logging_mixin.py:190} INFO - Extraction finished!
[2026-09-19T18:01:38.398+0000] {logging_mixin.py:190} INFO - Saved to /opt/***/data/bronze/weather_raw.json
[2026-09-19T18:01:38.718+0000] {logging_mixin.py:190} INFO - Extraction finished!
[2026-09-19T18:01:38.718+0000] {logging_mixin.py:190} INFO - Saved to /opt/***/data/bronze/weather_raw.json
[2026-09-19T18:01:39.049+0000] {logging_mixin.py:190} INFO - Extraction finished!
[2026-09-19T18:01:39.050+0000] {logging_mixin.py:190} INFO - Saved to /opt/***/data/bronze/weather_raw.json
[2026-09-19T18:01:39.382+0000] {logging_mixin.py:190} INFO - Extraction finished!
[2026-09-19T18:01:39.382+0000] {logging_mixin.py:190} INFO - Saved to /opt/***/data/bronze/weather_raw.json
[2026-09-19T18:01:40.320+0000] {logging_mixin.py:190} INFO - Extraction finished!
[2026-09-19T18:01:40.321+0000] {logging_mixin.py:190} INFO - Saved to /opt/***/data/bronze/weather_raw.json
[2026-09-19T18:01:40.644+0000] {logging_mixin.py:190} INFO - Extraction finished!
[2026-09-19T18:01:40.644+0000] {logging_mixin.py:190} INFO - Saved to /opt/***/data/bronze/weather_raw.json
[2026-09-19T18:01:40.972+0000] {logging_mixin.py:190} INFO - Extraction finished!
[2026-09-19T18:01:40.973+0000] {logging_mixin.py:190} INFO - Saved to /opt/***/data/bronze/weather_raw.json
[2026-09-19T18:01:41.285+0000] {logging_mixin.py:190} INFO - Extraction finished!
[2026-09-19T18:01:41.286+0000] {logging_mixin.py:190} INFO - Saved to /opt/***/data/bronze/weather_raw.json
[2026-09-19T18:01:41.604+0000] {logging_mixin.py:190} INFO - Extraction finished!
[2026-09-19T18:01:41.604+0000] {logging_mixin.py:190} INFO - Saved to /opt/***/data/bronze/weather_raw.json
[2026-09-19T18:01:41.911+0000] {logging_mixin.py:190} INFO - Extraction finished!
[2026-09-19T18:01:41.911+0000] {logging_mixin.py:190} INFO - Saved to /opt/***/data/bronze/weather_raw.json
[2026-09-19T18:01:42.244+0000] {logging_mixin.py:190} INFO - Extraction finished!
[2026-09-19T18:01:42.244+0000] {logging_mixin.py:190} INFO - Saved to /opt/***/data/bronze/weather_raw.json
[2026-09-19T18:01:42.572+0000] {logging_mixin.py:190} INFO - Extraction finished!
[2026-09-19T18:01:42.572+0000] {logging_mixin.py:190} INFO - Saved to /opt/***/data/bronze/weather_raw.json
[2026-09-19T18:01:42.910+0000] {logging_mixin.py:190} INFO - Extraction finished!
[2026-09-19T18:01:42.910+0000] {logging_mixin.py:190} INFO - Saved to /opt/***/data/bronze/weather_raw.json
[2026-09-19T18:01:43.242+0000] {logging_mixin.py:190} INFO - Extraction finished!
[2026-09-19T18:01:43.242+0000] {logging_mixin.py:190} INFO - Saved to /opt/***/data/bronze/weather_raw.json
[2026-09-19T18:01:43.572+0000] {logging_mixin.py:190} INFO - Extraction finished!
[2026-09-19T18:01:43.573+0000] {logging_mixin.py:190} INFO - Saved to /opt/***/data/bronze/weather_raw.json
[2026-09-19T18:01:43.898+0000] {logging_mixin.py:190} INFO - Extraction finished!
[2026-09-19T18:01:43.898+0000] {logging_mixin.py:190} INFO - Saved to /opt/***/data/bronze/weather_raw.json
[2026-09-19T18:01:44.226+0000] {logging_mixin.py:190} INFO - Extraction finished!
[2026-09-19T18:01:44.226+0000] {logging_mixin.py:190} INFO - Saved to /opt/***/data/bronze/weather_raw.json
[2026-09-19T18:01:44.546+0000] {logging_mixin.py:190} INFO - Extraction finished!
[2026-09-19T18:01:44.546+0000] {logging_mixin.py:190} INFO - Saved to /opt/***/data/bronze/weather_raw.json
[2026-09-19T18:01:44.856+0000] {logging_mixin.py:190} INFO - Extraction finished!
[2026-09-19T18:01:44.857+0000] {logging_mixin.py:190} INFO - Saved to /opt/***/data/bronze/weather_raw.json
[2026-09-19T18:01:45.204+0000] {logging_mixin.py:190} INFO - Extraction finished!
[2026-09-19T18:01:45.205+0000] {logging_mixin.py:190} INFO - Saved to /opt/***/data/bronze/weather_raw.json
[2026-09-19T18:01:45.545+0000] {logging_mixin.py:190} INFO - Extraction finished!
[2026-09-19T18:01:45.546+0000] {logging_mixin.py:190} INFO - Saved to /opt/***/data/bronze/weather_raw.json
[2026-09-19T18:01:45.874+0000] {logging_mixin.py:190} INFO - Extraction finished!
[2026-09-19T18:01:45.875+0000] {logging_mixin.py:190} INFO - Saved to /opt/***/data/bronze/weather_raw.json
[2026-09-19T18:01:46.219+0000] {logging_mixin.py:190} INFO - Extraction finished!
[2026-09-19T18:01:46.219+0000] {logging_mixin.py:190} INFO - Saved to /opt/***/data/bronze/weather_raw.json
[2026-09-19T18:01:46.553+0000] {logging_mixin.py:190} INFO - Extraction finished!
[2026-09-19T18:01:46.554+0000] {logging_mixin.py:190} INFO - Saved to /opt/***/data/bronze/weather_raw.json
[2026-09-19T18:01:46.554+0000] {logging_mixin.py:190} INFO - Data loaded successefully.
[2026-09-19T18:01:46.554+0000] {python.py:240} INFO - Done. Returned value was: None
[2026-09-19T18:01:46.565+0000] {taskinstance.py:340} INFO - ::group::Post task execution logs
[2026-09-19T18:01:46.566+0000] {taskinstance.py:352} INFO - Marking task as SUCCESS. dag_id=etl_pipeline, task_id=extract, run_id=manual__2026-09-19T18:01:02.433387+00:00, execution_date=20260919T180102, start_date=20260919T180104, end_date=20260919T180146
[2026-09-19T18:01:46.574+0000] {local_task_job_runner.py:266} INFO - Task exited with return code 0
[2026-09-19T18:01:46.594+0000] {taskinstance.py:3895} INFO - 1 downstream tasks scheduled from follow-on schedule check
[2026-09-19T18:01:46.596+0000] {local_task_job_runner.py:245} INFO - ::endgroup::
