[2026-09-19T14:22:31.376+0000] {local_task_job_runner.py:123} INFO - ::group::Pre task execution logs
[2026-09-19T14:22:31.389+0000] {taskinstance.py:2613} INFO - Dependencies all met for dep_context=non-requeueable deps ti=<TaskInstance: etl_pipeline.extract manual__2026-09-19T14:22:28.513139+00:00 [queued]>
[2026-09-19T14:22:31.392+0000] {taskinstance.py:2613} INFO - Dependencies all met for dep_context=requeueable deps ti=<TaskInstance: etl_pipeline.extract manual__2026-09-19T14:22:28.513139+00:00 [queued]>
[2026-09-19T14:22:31.392+0000] {taskinstance.py:2866} INFO - Starting attempt 1 of 1
[2026-09-19T14:22:31.398+0000] {taskinstance.py:2889} INFO - Executing <Task(_PythonDecoratedOperator): extract> on 2026-09-19 14:22:28.513139+00:00
[2026-09-19T14:22:31.402+0000] {logging_mixin.py:190} WARNING - /home/***/.local/lib/python3.12/site-packages/***/task/task_runner/standard_task_runner.py:70 DeprecationWarning: This process (pid=45) is multi-threaded, use of fork() may lead to deadlocks in the child.
[2026-09-19T14:22:31.403+0000] {standard_task_runner.py:72} INFO - Started process 69 to run task
[2026-09-19T14:22:31.403+0000] {standard_task_runner.py:104} INFO - Running: ['***', 'tasks', 'run', 'etl_pipeline', 'extract', 'manual__2026-09-19T14:22:28.513139+00:00', '--job-id', '2', '--raw', '--subdir', 'DAGS_FOLDER/dags.py', '--cfg-path', '/tmp/tmpiu1du4tl']
[2026-09-19T14:22:31.404+0000] {standard_task_runner.py:105} INFO - Job 2: Subtask extract
[2026-09-19T14:22:31.438+0000] {task_command.py:467} INFO - Running <TaskInstance: etl_pipeline.extract manual__2026-09-19T14:22:28.513139+00:00 [running]> on host 514ec548aec8
[2026-09-19T14:22:31.486+0000] {taskinstance.py:3132} INFO - Exporting env vars: AIRFLOW_CTX_DAG_OWNER='***' AIRFLOW_CTX_DAG_ID='etl_pipeline' AIRFLOW_CTX_TASK_ID='extract' AIRFLOW_CTX_EXECUTION_DATE='2026-09-19T14:22:28.513139+00:00' AIRFLOW_CTX_TRY_NUMBER='1' AIRFLOW_CTX_DAG_RUN_ID='manual__2026-09-19T14:22:28.513139+00:00'
[2026-09-19T14:22:31.487+0000] {taskinstance.py:731} INFO - ::endgroup::
[2026-09-19T14:22:31.488+0000] {logging_mixin.py:190} INFO - Exctracting data...
[2026-09-19T14:22:31.832+0000] {logging_mixin.py:190} INFO - Extraction finished!
[2026-09-19T14:22:31.832+0000] {logging_mixin.py:190} INFO - Saved to /opt/***/data/bronze/weather_raw.json
[2026-09-19T14:22:32.159+0000] {logging_mixin.py:190} INFO - Extraction finished!
[2026-09-19T14:22:32.159+0000] {logging_mixin.py:190} INFO - Saved to /opt/***/data/bronze/weather_raw.json
[2026-09-19T14:22:32.481+0000] {logging_mixin.py:190} INFO - Extraction finished!
[2026-09-19T14:22:32.482+0000] {logging_mixin.py:190} INFO - Saved to /opt/***/data/bronze/weather_raw.json
[2026-09-19T14:22:32.819+0000] {logging_mixin.py:190} INFO - Extraction finished!
[2026-09-19T14:22:32.819+0000] {logging_mixin.py:190} INFO - Saved to /opt/***/data/bronze/weather_raw.json
[2026-09-19T14:22:33.131+0000] {logging_mixin.py:190} INFO - Extraction finished!
[2026-09-19T14:22:33.132+0000] {logging_mixin.py:190} INFO - Saved to /opt/***/data/bronze/weather_raw.json
[2026-09-19T14:22:33.466+0000] {logging_mixin.py:190} INFO - Extraction finished!
[2026-09-19T14:22:33.467+0000] {logging_mixin.py:190} INFO - Saved to /opt/***/data/bronze/weather_raw.json
[2026-09-19T14:22:33.776+0000] {logging_mixin.py:190} INFO - Extraction finished!
[2026-09-19T14:22:33.776+0000] {logging_mixin.py:190} INFO - Saved to /opt/***/data/bronze/weather_raw.json
[2026-09-19T14:22:34.118+0000] {logging_mixin.py:190} INFO - Extraction finished!
[2026-09-19T14:22:34.119+0000] {logging_mixin.py:190} INFO - Saved to /opt/***/data/bronze/weather_raw.json
[2026-09-19T14:22:34.429+0000] {logging_mixin.py:190} INFO - Extraction finished!
[2026-09-19T14:22:34.429+0000] {logging_mixin.py:190} INFO - Saved to /opt/***/data/bronze/weather_raw.json
[2026-09-19T14:22:34.753+0000] {logging_mixin.py:190} INFO - Extraction finished!
[2026-09-19T14:22:34.753+0000] {logging_mixin.py:190} INFO - Saved to /opt/***/data/bronze/weather_raw.json
[2026-09-19T14:22:35.070+0000] {logging_mixin.py:190} INFO - Extraction finished!
[2026-09-19T14:22:35.070+0000] {logging_mixin.py:190} INFO - Saved to /opt/***/data/bronze/weather_raw.json
[2026-09-19T14:22:35.381+0000] {logging_mixin.py:190} INFO - Extraction finished!
[2026-09-19T14:22:35.382+0000] {logging_mixin.py:190} INFO - Saved to /opt/***/data/bronze/weather_raw.json
[2026-09-19T14:22:35.692+0000] {logging_mixin.py:190} INFO - Extraction finished!
[2026-09-19T14:22:35.692+0000] {logging_mixin.py:190} INFO - Saved to /opt/***/data/bronze/weather_raw.json
[2026-09-19T14:22:36.031+0000] {logging_mixin.py:190} INFO - Extraction finished!
[2026-09-19T14:22:36.031+0000] {logging_mixin.py:190} INFO - Saved to /opt/***/data/bronze/weather_raw.json
[2026-09-19T14:22:36.370+0000] {logging_mixin.py:190} INFO - Extraction finished!
[2026-09-19T14:22:36.370+0000] {logging_mixin.py:190} INFO - Saved to /opt/***/data/bronze/weather_raw.json
[2026-09-19T14:22:36.723+0000] {logging_mixin.py:190} INFO - Extraction finished!
[2026-09-19T14:22:36.723+0000] {logging_mixin.py:190} INFO - Saved to /opt/***/data/bronze/weather_raw.json
[2026-09-19T14:22:37.067+0000] {logging_mixin.py:190} INFO - Extraction finished!
[2026-09-19T14:22:37.068+0000] {logging_mixin.py:190} INFO - Saved to /opt/***/data/bronze/weather_raw.json
[2026-09-19T14:22:37.386+0000] {logging_mixin.py:190} INFO - Extraction finished!
[2026-09-19T14:22:37.386+0000] {logging_mixin.py:190} INFO - Saved to /opt/***/data/bronze/weather_raw.json
[2026-09-19T14:22:37.716+0000] {logging_mixin.py:190} INFO - Extraction finished!
[2026-09-19T14:22:37.716+0000] {logging_mixin.py:190} INFO - Saved to /opt/***/data/bronze/weather_raw.json
[2026-09-19T14:22:38.041+0000] {logging_mixin.py:190} INFO - Extraction finished!
[2026-09-19T14:22:38.041+0000] {logging_mixin.py:190} INFO - Saved to /opt/***/data/bronze/weather_raw.json
[2026-09-19T14:22:38.380+0000] {logging_mixin.py:190} INFO - Extraction finished!
[2026-09-19T14:22:38.381+0000] {logging_mixin.py:190} INFO - Saved to /opt/***/data/bronze/weather_raw.json
[2026-09-19T14:22:38.716+0000] {logging_mixin.py:190} INFO - Extraction finished!
[2026-09-19T14:22:38.716+0000] {logging_mixin.py:190} INFO - Saved to /opt/***/data/bronze/weather_raw.json
[2026-09-19T14:22:39.052+0000] {logging_mixin.py:190} INFO - Extraction finished!
[2026-09-19T14:22:39.052+0000] {logging_mixin.py:190} INFO - Saved to /opt/***/data/bronze/weather_raw.json
[2026-09-19T14:22:39.362+0000] {logging_mixin.py:190} INFO - Extraction finished!
[2026-09-19T14:22:39.363+0000] {logging_mixin.py:190} INFO - Saved to /opt/***/data/bronze/weather_raw.json
[2026-09-19T14:22:39.694+0000] {logging_mixin.py:190} INFO - Extraction finished!
[2026-09-19T14:22:39.694+0000] {logging_mixin.py:190} INFO - Saved to /opt/***/data/bronze/weather_raw.json
[2026-09-19T14:22:40.030+0000] {logging_mixin.py:190} INFO - Extraction finished!
[2026-09-19T14:22:40.030+0000] {logging_mixin.py:190} INFO - Saved to /opt/***/data/bronze/weather_raw.json
[2026-09-19T14:22:40.358+0000] {logging_mixin.py:190} INFO - Extraction finished!
[2026-09-19T14:22:40.358+0000] {logging_mixin.py:190} INFO - Saved to /opt/***/data/bronze/weather_raw.json
[2026-09-19T14:22:40.681+0000] {logging_mixin.py:190} INFO - Extraction finished!
[2026-09-19T14:22:40.681+0000] {logging_mixin.py:190} INFO - Saved to /opt/***/data/bronze/weather_raw.json
[2026-09-19T14:22:41.018+0000] {logging_mixin.py:190} INFO - Extraction finished!
[2026-09-19T14:22:41.018+0000] {logging_mixin.py:190} INFO - Saved to /opt/***/data/bronze/weather_raw.json
[2026-09-19T14:22:41.344+0000] {logging_mixin.py:190} INFO - Extraction finished!
[2026-09-19T14:22:41.344+0000] {logging_mixin.py:190} INFO - Saved to /opt/***/data/bronze/weather_raw.json
[2026-09-19T14:22:41.676+0000] {logging_mixin.py:190} INFO - Extraction finished!
[2026-09-19T14:22:41.676+0000] {logging_mixin.py:190} INFO - Saved to /opt/***/data/bronze/weather_raw.json
[2026-09-19T14:22:42.009+0000] {logging_mixin.py:190} INFO - Extraction finished!
[2026-09-19T14:22:42.009+0000] {logging_mixin.py:190} INFO - Saved to /opt/***/data/bronze/weather_raw.json
[2026-09-19T14:22:42.340+0000] {logging_mixin.py:190} INFO - Extraction finished!
[2026-09-19T14:22:42.340+0000] {logging_mixin.py:190} INFO - Saved to /opt/***/data/bronze/weather_raw.json
[2026-09-19T14:22:42.678+0000] {logging_mixin.py:190} INFO - Extraction finished!
[2026-09-19T14:22:42.678+0000] {logging_mixin.py:190} INFO - Saved to /opt/***/data/bronze/weather_raw.json
[2026-09-19T14:22:43.000+0000] {logging_mixin.py:190} INFO - Extraction finished!
[2026-09-19T14:22:43.000+0000] {logging_mixin.py:190} INFO - Saved to /opt/***/data/bronze/weather_raw.json
[2026-09-19T14:22:43.323+0000] {logging_mixin.py:190} INFO - Extraction finished!
[2026-09-19T14:22:43.323+0000] {logging_mixin.py:190} INFO - Saved to /opt/***/data/bronze/weather_raw.json
[2026-09-19T14:22:43.669+0000] {logging_mixin.py:190} INFO - Extraction finished!
[2026-09-19T14:22:43.669+0000] {logging_mixin.py:190} INFO - Saved to /opt/***/data/bronze/weather_raw.json
[2026-09-19T14:22:44.020+0000] {logging_mixin.py:190} INFO - Extraction finished!
[2026-09-19T14:22:44.020+0000] {logging_mixin.py:190} INFO - Saved to /opt/***/data/bronze/weather_raw.json
[2026-09-19T14:22:44.352+0000] {logging_mixin.py:190} INFO - Extraction finished!
[2026-09-19T14:22:44.352+0000] {logging_mixin.py:190} INFO - Saved to /opt/***/data/bronze/weather_raw.json
[2026-09-19T14:22:44.677+0000] {logging_mixin.py:190} INFO - Extraction finished!
[2026-09-19T14:22:44.677+0000] {logging_mixin.py:190} INFO - Saved to /opt/***/data/bronze/weather_raw.json
[2026-09-19T14:22:45.004+0000] {logging_mixin.py:190} INFO - Extraction finished!
[2026-09-19T14:22:45.005+0000] {logging_mixin.py:190} INFO - Saved to /opt/***/data/bronze/weather_raw.json
[2026-09-19T14:22:45.338+0000] {logging_mixin.py:190} INFO - Extraction finished!
[2026-09-19T14:22:45.338+0000] {logging_mixin.py:190} INFO - Saved to /opt/***/data/bronze/weather_raw.json
[2026-09-19T14:22:45.644+0000] {logging_mixin.py:190} INFO - Extraction finished!
[2026-09-19T14:22:45.644+0000] {logging_mixin.py:190} INFO - Saved to /opt/***/data/bronze/weather_raw.json
[2026-09-19T14:22:45.984+0000] {logging_mixin.py:190} INFO - Extraction finished!
[2026-09-19T14:22:45.984+0000] {logging_mixin.py:190} INFO - Saved to /opt/***/data/bronze/weather_raw.json
[2026-09-19T14:22:46.308+0000] {logging_mixin.py:190} INFO - Extraction finished!
[2026-09-19T14:22:46.308+0000] {logging_mixin.py:190} INFO - Saved to /opt/***/data/bronze/weather_raw.json
[2026-09-19T14:22:46.638+0000] {logging_mixin.py:190} INFO - Extraction finished!
[2026-09-19T14:22:46.638+0000] {logging_mixin.py:190} INFO - Saved to /opt/***/data/bronze/weather_raw.json
[2026-09-19T14:22:46.958+0000] {logging_mixin.py:190} INFO - Extraction finished!
[2026-09-19T14:22:46.958+0000] {logging_mixin.py:190} INFO - Saved to /opt/***/data/bronze/weather_raw.json
[2026-09-19T14:22:47.291+0000] {logging_mixin.py:190} INFO - Extraction finished!
[2026-09-19T14:22:47.291+0000] {logging_mixin.py:190} INFO - Saved to /opt/***/data/bronze/weather_raw.json
[2026-09-19T14:22:47.631+0000] {logging_mixin.py:190} INFO - Extraction finished!
[2026-09-19T14:22:47.632+0000] {logging_mixin.py:190} INFO - Saved to /opt/***/data/bronze/weather_raw.json
[2026-09-19T14:22:47.962+0000] {logging_mixin.py:190} INFO - Extraction finished!
[2026-09-19T14:22:47.963+0000] {logging_mixin.py:190} INFO - Saved to /opt/***/data/bronze/weather_raw.json
[2026-09-19T14:22:48.287+0000] {logging_mixin.py:190} INFO - Extraction finished!
[2026-09-19T14:22:48.287+0000] {logging_mixin.py:190} INFO - Saved to /opt/***/data/bronze/weather_raw.json
[2026-09-19T14:22:48.612+0000] {logging_mixin.py:190} INFO - Extraction finished!
[2026-09-19T14:22:48.612+0000] {logging_mixin.py:190} INFO - Saved to /opt/***/data/bronze/weather_raw.json
[2026-09-19T14:22:48.951+0000] {logging_mixin.py:190} INFO - Extraction finished!
[2026-09-19T14:22:48.951+0000] {logging_mixin.py:190} INFO - Saved to /opt/***/data/bronze/weather_raw.json
[2026-09-19T14:22:49.293+0000] {logging_mixin.py:190} INFO - Extraction finished!
[2026-09-19T14:22:49.294+0000] {logging_mixin.py:190} INFO - Saved to /opt/***/data/bronze/weather_raw.json
[2026-09-19T14:22:49.617+0000] {logging_mixin.py:190} INFO - Extraction finished!
[2026-09-19T14:22:49.617+0000] {logging_mixin.py:190} INFO - Saved to /opt/***/data/bronze/weather_raw.json
[2026-09-19T14:22:49.943+0000] {logging_mixin.py:190} INFO - Extraction finished!
[2026-09-19T14:22:49.944+0000] {logging_mixin.py:190} INFO - Saved to /opt/***/data/bronze/weather_raw.json
[2026-09-19T14:22:50.273+0000] {logging_mixin.py:190} INFO - Extraction finished!
[2026-09-19T14:22:50.273+0000] {logging_mixin.py:190} INFO - Saved to /opt/***/data/bronze/weather_raw.json
[2026-09-19T14:22:50.600+0000] {logging_mixin.py:190} INFO - Extraction finished!
[2026-09-19T14:22:50.601+0000] {logging_mixin.py:190} INFO - Saved to /opt/***/data/bronze/weather_raw.json
[2026-09-19T14:22:50.950+0000] {logging_mixin.py:190} INFO - Extraction finished!
[2026-09-19T14:22:50.950+0000] {logging_mixin.py:190} INFO - Saved to /opt/***/data/bronze/weather_raw.json
[2026-09-19T14:22:51.281+0000] {logging_mixin.py:190} INFO - Extraction finished!
[2026-09-19T14:22:51.281+0000] {logging_mixin.py:190} INFO - Saved to /opt/***/data/bronze/weather_raw.json
[2026-09-19T14:22:51.594+0000] {logging_mixin.py:190} INFO - Extraction finished!
[2026-09-19T14:22:51.595+0000] {logging_mixin.py:190} INFO - Saved to /opt/***/data/bronze/weather_raw.json
[2026-09-19T14:22:51.916+0000] {logging_mixin.py:190} INFO - Extraction finished!
[2026-09-19T14:22:51.917+0000] {logging_mixin.py:190} INFO - Saved to /opt/***/data/bronze/weather_raw.json
[2026-09-19T14:22:52.242+0000] {logging_mixin.py:190} INFO - Extraction finished!
[2026-09-19T14:22:52.243+0000] {logging_mixin.py:190} INFO - Saved to /opt/***/data/bronze/weather_raw.json
[2026-09-19T14:22:52.560+0000] {logging_mixin.py:190} INFO - Extraction finished!
[2026-09-19T14:22:52.561+0000] {logging_mixin.py:190} INFO - Saved to /opt/***/data/bronze/weather_raw.json
[2026-09-19T14:22:52.885+0000] {logging_mixin.py:190} INFO - Extraction finished!
[2026-09-19T14:22:52.885+0000] {logging_mixin.py:190} INFO - Saved to /opt/***/data/bronze/weather_raw.json
[2026-09-19T14:22:53.208+0000] {logging_mixin.py:190} INFO - Extraction finished!
[2026-09-19T14:22:53.208+0000] {logging_mixin.py:190} INFO - Saved to /opt/***/data/bronze/weather_raw.json
[2026-09-19T14:22:53.523+0000] {logging_mixin.py:190} INFO - Extraction finished!
[2026-09-19T14:22:53.523+0000] {logging_mixin.py:190} INFO - Saved to /opt/***/data/bronze/weather_raw.json
[2026-09-19T14:22:53.852+0000] {logging_mixin.py:190} INFO - Extraction finished!
[2026-09-19T14:22:53.852+0000] {logging_mixin.py:190} INFO - Saved to /opt/***/data/bronze/weather_raw.json
[2026-09-19T14:22:54.181+0000] {logging_mixin.py:190} INFO - Extraction finished!
[2026-09-19T14:22:54.182+0000] {logging_mixin.py:190} INFO - Saved to /opt/***/data/bronze/weather_raw.json
[2026-09-19T14:22:54.517+0000] {logging_mixin.py:190} INFO - Extraction finished!
[2026-09-19T14:22:54.518+0000] {logging_mixin.py:190} INFO - Saved to /opt/***/data/bronze/weather_raw.json
[2026-09-19T14:22:54.870+0000] {logging_mixin.py:190} INFO - Extraction finished!
[2026-09-19T14:22:54.870+0000] {logging_mixin.py:190} INFO - Saved to /opt/***/data/bronze/weather_raw.json
[2026-09-19T14:22:55.190+0000] {logging_mixin.py:190} INFO - Extraction finished!
[2026-09-19T14:22:55.190+0000] {logging_mixin.py:190} INFO - Saved to /opt/***/data/bronze/weather_raw.json
[2026-09-19T14:22:55.531+0000] {logging_mixin.py:190} INFO - Extraction finished!
[2026-09-19T14:22:55.531+0000] {logging_mixin.py:190} INFO - Saved to /opt/***/data/bronze/weather_raw.json
[2026-09-19T14:22:55.858+0000] {logging_mixin.py:190} INFO - Extraction finished!
[2026-09-19T14:22:55.858+0000] {logging_mixin.py:190} INFO - Saved to /opt/***/data/bronze/weather_raw.json
[2026-09-19T14:22:56.184+0000] {logging_mixin.py:190} INFO - Extraction finished!
[2026-09-19T14:22:56.184+0000] {logging_mixin.py:190} INFO - Saved to /opt/***/data/bronze/weather_raw.json
[2026-09-19T14:22:56.517+0000] {logging_mixin.py:190} INFO - Extraction finished!
[2026-09-19T14:22:56.517+0000] {logging_mixin.py:190} INFO - Saved to /opt/***/data/bronze/weather_raw.json
[2026-09-19T14:22:56.863+0000] {logging_mixin.py:190} INFO - Extraction finished!
[2026-09-19T14:22:56.863+0000] {logging_mixin.py:190} INFO - Saved to /opt/***/data/bronze/weather_raw.json
[2026-09-19T14:22:57.181+0000] {logging_mixin.py:190} INFO - Extraction finished!
[2026-09-19T14:22:57.181+0000] {logging_mixin.py:190} INFO - Saved to /opt/***/data/bronze/weather_raw.json
[2026-09-19T14:22:57.515+0000] {logging_mixin.py:190} INFO - Extraction finished!
[2026-09-19T14:22:57.515+0000] {logging_mixin.py:190} INFO - Saved to /opt/***/data/bronze/weather_raw.json
[2026-09-19T14:22:57.856+0000] {logging_mixin.py:190} INFO - Extraction finished!
[2026-09-19T14:22:57.856+0000] {logging_mixin.py:190} INFO - Saved to /opt/***/data/bronze/weather_raw.json
[2026-09-19T14:22:58.173+0000] {logging_mixin.py:190} INFO - Extraction finished!
[2026-09-19T14:22:58.174+0000] {logging_mixin.py:190} INFO - Saved to /opt/***/data/bronze/weather_raw.json
[2026-09-19T14:22:58.527+0000] {logging_mixin.py:190} INFO - Extraction finished!
[2026-09-19T14:22:58.527+0000] {logging_mixin.py:190} INFO - Saved to /opt/***/data/bronze/weather_raw.json
[2026-09-19T14:22:58.845+0000] {logging_mixin.py:190} INFO - Extraction finished!
[2026-09-19T14:22:58.845+0000] {logging_mixin.py:190} INFO - Saved to /opt/***/data/bronze/weather_raw.json
[2026-09-19T14:22:59.180+0000] {logging_mixin.py:190} INFO - Extraction finished!
[2026-09-19T14:22:59.180+0000] {logging_mixin.py:190} INFO - Saved to /opt/***/data/bronze/weather_raw.json
[2026-09-19T14:22:59.520+0000] {logging_mixin.py:190} INFO - Extraction finished!
[2026-09-19T14:22:59.521+0000] {logging_mixin.py:190} INFO - Saved to /opt/***/data/bronze/weather_raw.json
[2026-09-19T14:22:59.846+0000] {logging_mixin.py:190} INFO - Extraction finished!
[2026-09-19T14:22:59.846+0000] {logging_mixin.py:190} INFO - Saved to /opt/***/data/bronze/weather_raw.json
[2026-09-19T14:23:00.184+0000] {logging_mixin.py:190} INFO - Extraction finished!
[2026-09-19T14:23:00.184+0000] {logging_mixin.py:190} INFO - Saved to /opt/***/data/bronze/weather_raw.json
[2026-09-19T14:23:00.520+0000] {logging_mixin.py:190} INFO - Extraction finished!
[2026-09-19T14:23:00.521+0000] {logging_mixin.py:190} INFO - Saved to /opt/***/data/bronze/weather_raw.json
[2026-09-19T14:23:00.851+0000] {logging_mixin.py:190} INFO - Extraction finished!
[2026-09-19T14:23:00.851+0000] {logging_mixin.py:190} INFO - Saved to /opt/***/data/bronze/weather_raw.json
[2026-09-19T14:23:01.184+0000] {logging_mixin.py:190} INFO - Extraction finished!
[2026-09-19T14:23:01.184+0000] {logging_mixin.py:190} INFO - Saved to /opt/***/data/bronze/weather_raw.json
[2026-09-19T14:23:01.509+0000] {logging_mixin.py:190} INFO - Extraction finished!
[2026-09-19T14:23:01.509+0000] {logging_mixin.py:190} INFO - Saved to /opt/***/data/bronze/weather_raw.json
[2026-09-19T14:23:01.832+0000] {logging_mixin.py:190} INFO - Extraction finished!
[2026-09-19T14:23:01.832+0000] {logging_mixin.py:190} INFO - Saved to /opt/***/data/bronze/weather_raw.json
[2026-09-19T14:23:02.170+0000] {logging_mixin.py:190} INFO - Extraction finished!
[2026-09-19T14:23:02.170+0000] {logging_mixin.py:190} INFO - Saved to /opt/***/data/bronze/weather_raw.json
[2026-09-19T14:23:02.516+0000] {logging_mixin.py:190} INFO - Extraction finished!
[2026-09-19T14:23:02.516+0000] {logging_mixin.py:190} INFO - Saved to /opt/***/data/bronze/weather_raw.json
[2026-09-19T14:23:02.848+0000] {logging_mixin.py:190} INFO - Extraction finished!
[2026-09-19T14:23:02.849+0000] {logging_mixin.py:190} INFO - Saved to /opt/***/data/bronze/weather_raw.json
[2026-09-19T14:23:03.195+0000] {logging_mixin.py:190} INFO - Extraction finished!
[2026-09-19T14:23:03.196+0000] {logging_mixin.py:190} INFO - Saved to /opt/***/data/bronze/weather_raw.json
[2026-09-19T14:23:03.522+0000] {logging_mixin.py:190} INFO - Extraction finished!
[2026-09-19T14:23:03.522+0000] {logging_mixin.py:190} INFO - Saved to /opt/***/data/bronze/weather_raw.json
[2026-09-19T14:23:03.855+0000] {logging_mixin.py:190} INFO - Extraction finished!
[2026-09-19T14:23:03.855+0000] {logging_mixin.py:190} INFO - Saved to /opt/***/data/bronze/weather_raw.json
[2026-09-19T14:23:04.185+0000] {logging_mixin.py:190} INFO - Extraction finished!
[2026-09-19T14:23:04.185+0000] {logging_mixin.py:190} INFO - Saved to /opt/***/data/bronze/weather_raw.json
[2026-09-19T14:23:04.536+0000] {logging_mixin.py:190} INFO - Extraction finished!
[2026-09-19T14:23:04.536+0000] {logging_mixin.py:190} INFO - Saved to /opt/***/data/bronze/weather_raw.json
[2026-09-19T14:23:04.874+0000] {logging_mixin.py:190} INFO - Extraction finished!
[2026-09-19T14:23:04.874+0000] {logging_mixin.py:190} INFO - Saved to /opt/***/data/bronze/weather_raw.json
[2026-09-19T14:23:05.204+0000] {logging_mixin.py:190} INFO - Extraction finished!
[2026-09-19T14:23:05.204+0000] {logging_mixin.py:190} INFO - Saved to /opt/***/data/bronze/weather_raw.json
[2026-09-19T14:23:05.536+0000] {logging_mixin.py:190} INFO - Extraction finished!
[2026-09-19T14:23:05.536+0000] {logging_mixin.py:190} INFO - Saved to /opt/***/data/bronze/weather_raw.json
[2026-09-19T14:23:05.876+0000] {logging_mixin.py:190} INFO - Extraction finished!
[2026-09-19T14:23:05.877+0000] {logging_mixin.py:190} INFO - Saved to /opt/***/data/bronze/weather_raw.json
[2026-09-19T14:23:06.216+0000] {logging_mixin.py:190} INFO - Extraction finished!
[2026-09-19T14:23:06.216+0000] {logging_mixin.py:190} INFO - Saved to /opt/***/data/bronze/weather_raw.json
[2026-09-19T14:23:06.556+0000] {logging_mixin.py:190} INFO - Extraction finished!
[2026-09-19T14:23:06.557+0000] {logging_mixin.py:190} INFO - Saved to /opt/***/data/bronze/weather_raw.json
[2026-09-19T14:23:06.879+0000] {logging_mixin.py:190} INFO - Extraction finished!
[2026-09-19T14:23:06.880+0000] {logging_mixin.py:190} INFO - Saved to /opt/***/data/bronze/weather_raw.json
[2026-09-19T14:23:07.209+0000] {logging_mixin.py:190} INFO - Extraction finished!
[2026-09-19T14:23:07.209+0000] {logging_mixin.py:190} INFO - Saved to /opt/***/data/bronze/weather_raw.json
[2026-09-19T14:23:07.538+0000] {logging_mixin.py:190} INFO - Extraction finished!
[2026-09-19T14:23:07.538+0000] {logging_mixin.py:190} INFO - Saved to /opt/***/data/bronze/weather_raw.json
[2026-09-19T14:23:07.876+0000] {logging_mixin.py:190} INFO - Extraction finished!
[2026-09-19T14:23:07.877+0000] {logging_mixin.py:190} INFO - Saved to /opt/***/data/bronze/weather_raw.json
[2026-09-19T14:23:08.212+0000] {logging_mixin.py:190} INFO - Extraction finished!
[2026-09-19T14:23:08.212+0000] {logging_mixin.py:190} INFO - Saved to /opt/***/data/bronze/weather_raw.json
[2026-09-19T14:23:08.534+0000] {logging_mixin.py:190} INFO - Extraction finished!
[2026-09-19T14:23:08.535+0000] {logging_mixin.py:190} INFO - Saved to /opt/***/data/bronze/weather_raw.json
[2026-09-19T14:23:08.869+0000] {logging_mixin.py:190} INFO - Extraction finished!
[2026-09-19T14:23:08.869+0000] {logging_mixin.py:190} INFO - Saved to /opt/***/data/bronze/weather_raw.json
[2026-09-19T14:23:09.198+0000] {logging_mixin.py:190} INFO - Extraction finished!
[2026-09-19T14:23:09.198+0000] {logging_mixin.py:190} INFO - Saved to /opt/***/data/bronze/weather_raw.json
[2026-09-19T14:23:09.529+0000] {logging_mixin.py:190} INFO - Extraction finished!
[2026-09-19T14:23:09.529+0000] {logging_mixin.py:190} INFO - Saved to /opt/***/data/bronze/weather_raw.json
[2026-09-19T14:23:09.841+0000] {logging_mixin.py:190} INFO - Extraction finished!
[2026-09-19T14:23:09.841+0000] {logging_mixin.py:190} INFO - Saved to /opt/***/data/bronze/weather_raw.json
[2026-09-19T14:23:10.174+0000] {logging_mixin.py:190} INFO - Extraction finished!
[2026-09-19T14:23:10.174+0000] {logging_mixin.py:190} INFO - Saved to /opt/***/data/bronze/weather_raw.json
[2026-09-19T14:23:10.486+0000] {logging_mixin.py:190} INFO - Extraction finished!
[2026-09-19T14:23:10.486+0000] {logging_mixin.py:190} INFO - Saved to /opt/***/data/bronze/weather_raw.json
[2026-09-19T14:23:10.811+0000] {logging_mixin.py:190} INFO - Extraction finished!
[2026-09-19T14:23:10.811+0000] {logging_mixin.py:190} INFO - Saved to /opt/***/data/bronze/weather_raw.json
[2026-09-19T14:23:11.148+0000] {logging_mixin.py:190} INFO - Extraction finished!
[2026-09-19T14:23:11.148+0000] {logging_mixin.py:190} INFO - Saved to /opt/***/data/bronze/weather_raw.json
[2026-09-19T14:23:11.152+0000] {logging_mixin.py:190} INFO - Data loaded successefully.
[2026-09-19T14:23:11.152+0000] {python.py:240} INFO - Done. Returned value was: None
[2026-09-19T14:23:11.162+0000] {taskinstance.py:340} INFO - ::group::Post task execution logs
[2026-09-19T14:23:11.163+0000] {taskinstance.py:352} INFO - Marking task as SUCCESS. dag_id=etl_pipeline, task_id=extract, run_id=manual__2026-09-19T14:22:28.513139+00:00, execution_date=20260919T142228, start_date=20260919T142231, end_date=20260919T142311
[2026-09-19T14:23:11.213+0000] {local_task_job_runner.py:266} INFO - Task exited with return code 0
[2026-09-19T14:23:11.230+0000] {taskinstance.py:3895} INFO - 1 downstream tasks scheduled from follow-on schedule check
[2026-09-19T14:23:11.231+0000] {local_task_job_runner.py:245} INFO - ::endgroup::
