[2026-09-19T17:31:41.392+0000] {local_task_job_runner.py:123} INFO - ::group::Pre task execution logs
[2026-09-19T17:31:41.406+0000] {taskinstance.py:2613} INFO - Dependencies all met for dep_context=non-requeueable deps ti=<TaskInstance: etl_pipeline.extract manual__2026-09-19T17:31:39.127053+00:00 [queued]>
[2026-09-19T17:31:41.409+0000] {taskinstance.py:2613} INFO - Dependencies all met for dep_context=requeueable deps ti=<TaskInstance: etl_pipeline.extract manual__2026-09-19T17:31:39.127053+00:00 [queued]>
[2026-09-19T17:31:41.410+0000] {taskinstance.py:2866} INFO - Starting attempt 1 of 1
[2026-09-19T17:31:41.415+0000] {taskinstance.py:2889} INFO - Executing <Task(_PythonDecoratedOperator): extract> on 2026-09-19 17:31:39.127053+00:00
[2026-09-19T17:31:41.420+0000] {logging_mixin.py:190} WARNING - /home/***/.local/lib/python3.12/site-packages/***/task/task_runner/standard_task_runner.py:70 DeprecationWarning: This process (pid=478) is multi-threaded, use of fork() may lead to deadlocks in the child.
[2026-09-19T17:31:41.421+0000] {standard_task_runner.py:72} INFO - Started process 504 to run task
[2026-09-19T17:31:41.421+0000] {standard_task_runner.py:104} INFO - Running: ['***', 'tasks', 'run', 'etl_pipeline', 'extract', 'manual__2026-09-19T17:31:39.127053+00:00', '--job-id', '6', '--raw', '--subdir', 'DAGS_FOLDER/dags.py', '--cfg-path', '/tmp/tmpfq7mnd17']
[2026-09-19T17:31:41.422+0000] {standard_task_runner.py:105} INFO - Job 6: Subtask extract
[2026-09-19T17:31:41.451+0000] {task_command.py:467} INFO - Running <TaskInstance: etl_pipeline.extract manual__2026-09-19T17:31:39.127053+00:00 [running]> on host 514ec548aec8
[2026-09-19T17:31:41.500+0000] {taskinstance.py:3132} INFO - Exporting env vars: AIRFLOW_CTX_DAG_OWNER='***' AIRFLOW_CTX_DAG_ID='etl_pipeline' AIRFLOW_CTX_TASK_ID='extract' AIRFLOW_CTX_EXECUTION_DATE='2026-09-19T17:31:39.127053+00:00' AIRFLOW_CTX_TRY_NUMBER='1' AIRFLOW_CTX_DAG_RUN_ID='manual__2026-09-19T17:31:39.127053+00:00'
[2026-09-19T17:31:41.500+0000] {taskinstance.py:731} INFO - ::endgroup::
[2026-09-19T17:31:41.502+0000] {logging_mixin.py:190} INFO - Exctracting data...
[2026-09-19T17:31:41.855+0000] {logging_mixin.py:190} INFO - Extraction finished!
[2026-09-19T17:31:41.856+0000] {logging_mixin.py:190} INFO - Saved to /opt/***/data/bronze/weather_raw.json
[2026-09-19T17:31:42.182+0000] {logging_mixin.py:190} INFO - Extraction finished!
[2026-09-19T17:31:42.182+0000] {logging_mixin.py:190} INFO - Saved to /opt/***/data/bronze/weather_raw.json
[2026-09-19T17:31:42.536+0000] {logging_mixin.py:190} INFO - Extraction finished!
[2026-09-19T17:31:42.536+0000] {logging_mixin.py:190} INFO - Saved to /opt/***/data/bronze/weather_raw.json
[2026-09-19T17:31:42.862+0000] {logging_mixin.py:190} INFO - Extraction finished!
[2026-09-19T17:31:42.862+0000] {logging_mixin.py:190} INFO - Saved to /opt/***/data/bronze/weather_raw.json
[2026-09-19T17:31:43.193+0000] {logging_mixin.py:190} INFO - Extraction finished!
[2026-09-19T17:31:43.193+0000] {logging_mixin.py:190} INFO - Saved to /opt/***/data/bronze/weather_raw.json
[2026-09-19T17:31:43.546+0000] {logging_mixin.py:190} INFO - Extraction finished!
[2026-09-19T17:31:43.546+0000] {logging_mixin.py:190} INFO - Saved to /opt/***/data/bronze/weather_raw.json
[2026-09-19T17:31:43.900+0000] {logging_mixin.py:190} INFO - Extraction finished!
[2026-09-19T17:31:43.901+0000] {logging_mixin.py:190} INFO - Saved to /opt/***/data/bronze/weather_raw.json
[2026-09-19T17:31:44.300+0000] {logging_mixin.py:190} INFO - Extraction finished!
[2026-09-19T17:31:44.300+0000] {logging_mixin.py:190} INFO - Saved to /opt/***/data/bronze/weather_raw.json
[2026-09-19T17:31:44.668+0000] {logging_mixin.py:190} INFO - Extraction finished!
[2026-09-19T17:31:44.668+0000] {logging_mixin.py:190} INFO - Saved to /opt/***/data/bronze/weather_raw.json
[2026-09-19T17:31:45.256+0000] {logging_mixin.py:190} INFO - Extraction finished!
[2026-09-19T17:31:45.256+0000] {logging_mixin.py:190} INFO - Saved to /opt/***/data/bronze/weather_raw.json
[2026-09-19T17:31:45.793+0000] {logging_mixin.py:190} INFO - Extraction finished!
[2026-09-19T17:31:45.793+0000] {logging_mixin.py:190} INFO - Saved to /opt/***/data/bronze/weather_raw.json
[2026-09-19T17:31:46.627+0000] {logging_mixin.py:190} INFO - Extraction finished!
[2026-09-19T17:31:46.628+0000] {logging_mixin.py:190} INFO - Saved to /opt/***/data/bronze/weather_raw.json
[2026-09-19T17:31:46.939+0000] {logging_mixin.py:190} INFO - Extraction finished!
[2026-09-19T17:31:46.939+0000] {logging_mixin.py:190} INFO - Saved to /opt/***/data/bronze/weather_raw.json
[2026-09-19T17:31:47.269+0000] {logging_mixin.py:190} INFO - Extraction finished!
[2026-09-19T17:31:47.270+0000] {logging_mixin.py:190} INFO - Saved to /opt/***/data/bronze/weather_raw.json
[2026-09-19T17:31:47.624+0000] {logging_mixin.py:190} INFO - Extraction finished!
[2026-09-19T17:31:47.625+0000] {logging_mixin.py:190} INFO - Saved to /opt/***/data/bronze/weather_raw.json
[2026-09-19T17:31:47.961+0000] {logging_mixin.py:190} INFO - Extraction finished!
[2026-09-19T17:31:47.961+0000] {logging_mixin.py:190} INFO - Saved to /opt/***/data/bronze/weather_raw.json
[2026-09-19T17:31:48.291+0000] {logging_mixin.py:190} INFO - Extraction finished!
[2026-09-19T17:31:48.292+0000] {logging_mixin.py:190} INFO - Saved to /opt/***/data/bronze/weather_raw.json
[2026-09-19T17:31:48.630+0000] {logging_mixin.py:190} INFO - Extraction finished!
[2026-09-19T17:31:48.630+0000] {logging_mixin.py:190} INFO - Saved to /opt/***/data/bronze/weather_raw.json
[2026-09-19T17:31:48.955+0000] {logging_mixin.py:190} INFO - Extraction finished!
[2026-09-19T17:31:48.955+0000] {logging_mixin.py:190} INFO - Saved to /opt/***/data/bronze/weather_raw.json
[2026-09-19T17:31:49.277+0000] {logging_mixin.py:190} INFO - Extraction finished!
[2026-09-19T17:31:49.277+0000] {logging_mixin.py:190} INFO - Saved to /opt/***/data/bronze/weather_raw.json
[2026-09-19T17:31:49.605+0000] {logging_mixin.py:190} INFO - Extraction finished!
[2026-09-19T17:31:49.605+0000] {logging_mixin.py:190} INFO - Saved to /opt/***/data/bronze/weather_raw.json
[2026-09-19T17:31:49.940+0000] {logging_mixin.py:190} INFO - Extraction finished!
[2026-09-19T17:31:49.940+0000] {logging_mixin.py:190} INFO - Saved to /opt/***/data/bronze/weather_raw.json
[2026-09-19T17:31:50.255+0000] {logging_mixin.py:190} INFO - Extraction finished!
[2026-09-19T17:31:50.255+0000] {logging_mixin.py:190} INFO - Saved to /opt/***/data/bronze/weather_raw.json
[2026-09-19T17:31:50.576+0000] {logging_mixin.py:190} INFO - Extraction finished!
[2026-09-19T17:31:50.576+0000] {logging_mixin.py:190} INFO - Saved to /opt/***/data/bronze/weather_raw.json
[2026-09-19T17:31:50.901+0000] {logging_mixin.py:190} INFO - Extraction finished!
[2026-09-19T17:31:50.901+0000] {logging_mixin.py:190} INFO - Saved to /opt/***/data/bronze/weather_raw.json
[2026-09-19T17:31:51.219+0000] {logging_mixin.py:190} INFO - Extraction finished!
[2026-09-19T17:31:51.219+0000] {logging_mixin.py:190} INFO - Saved to /opt/***/data/bronze/weather_raw.json
[2026-09-19T17:31:51.540+0000] {logging_mixin.py:190} INFO - Extraction finished!
[2026-09-19T17:31:51.540+0000] {logging_mixin.py:190} INFO - Saved to /opt/***/data/bronze/weather_raw.json
[2026-09-19T17:31:51.861+0000] {logging_mixin.py:190} INFO - Extraction finished!
[2026-09-19T17:31:51.861+0000] {logging_mixin.py:190} INFO - Saved to /opt/***/data/bronze/weather_raw.json
[2026-09-19T17:31:52.186+0000] {logging_mixin.py:190} INFO - Extraction finished!
[2026-09-19T17:31:52.187+0000] {logging_mixin.py:190} INFO - Saved to /opt/***/data/bronze/weather_raw.json
[2026-09-19T17:31:52.514+0000] {logging_mixin.py:190} INFO - Extraction finished!
[2026-09-19T17:31:52.514+0000] {logging_mixin.py:190} INFO - Saved to /opt/***/data/bronze/weather_raw.json
[2026-09-19T17:31:52.856+0000] {logging_mixin.py:190} INFO - Extraction finished!
[2026-09-19T17:31:52.856+0000] {logging_mixin.py:190} INFO - Saved to /opt/***/data/bronze/weather_raw.json
[2026-09-19T17:31:53.171+0000] {logging_mixin.py:190} INFO - Extraction finished!
[2026-09-19T17:31:53.171+0000] {logging_mixin.py:190} INFO - Saved to /opt/***/data/bronze/weather_raw.json
[2026-09-19T17:31:53.490+0000] {logging_mixin.py:190} INFO - Extraction finished!
[2026-09-19T17:31:53.491+0000] {logging_mixin.py:190} INFO - Saved to /opt/***/data/bronze/weather_raw.json
[2026-09-19T17:31:53.811+0000] {logging_mixin.py:190} INFO - Extraction finished!
[2026-09-19T17:31:53.811+0000] {logging_mixin.py:190} INFO - Saved to /opt/***/data/bronze/weather_raw.json
[2026-09-19T17:31:54.130+0000] {logging_mixin.py:190} INFO - Extraction finished!
[2026-09-19T17:31:54.130+0000] {logging_mixin.py:190} INFO - Saved to /opt/***/data/bronze/weather_raw.json
[2026-09-19T17:31:54.470+0000] {logging_mixin.py:190} INFO - Extraction finished!
[2026-09-19T17:31:54.470+0000] {logging_mixin.py:190} INFO - Saved to /opt/***/data/bronze/weather_raw.json
[2026-09-19T17:31:54.804+0000] {logging_mixin.py:190} INFO - Extraction finished!
[2026-09-19T17:31:54.804+0000] {logging_mixin.py:190} INFO - Saved to /opt/***/data/bronze/weather_raw.json
[2026-09-19T17:31:55.149+0000] {logging_mixin.py:190} INFO - Extraction finished!
[2026-09-19T17:31:55.149+0000] {logging_mixin.py:190} INFO - Saved to /opt/***/data/bronze/weather_raw.json
[2026-09-19T17:31:55.478+0000] {logging_mixin.py:190} INFO - Extraction finished!
[2026-09-19T17:31:55.479+0000] {logging_mixin.py:190} INFO - Saved to /opt/***/data/bronze/weather_raw.json
[2026-09-19T17:31:55.824+0000] {logging_mixin.py:190} INFO - Extraction finished!
[2026-09-19T17:31:55.824+0000] {logging_mixin.py:190} INFO - Saved to /opt/***/data/bronze/weather_raw.json
[2026-09-19T17:31:56.153+0000] {logging_mixin.py:190} INFO - Extraction finished!
[2026-09-19T17:31:56.153+0000] {logging_mixin.py:190} INFO - Saved to /opt/***/data/bronze/weather_raw.json
[2026-09-19T17:31:56.487+0000] {logging_mixin.py:190} INFO - Extraction finished!
[2026-09-19T17:31:56.488+0000] {logging_mixin.py:190} INFO - Saved to /opt/***/data/bronze/weather_raw.json
[2026-09-19T17:31:56.842+0000] {logging_mixin.py:190} INFO - Extraction finished!
[2026-09-19T17:31:56.842+0000] {logging_mixin.py:190} INFO - Saved to /opt/***/data/bronze/weather_raw.json
[2026-09-19T17:31:57.156+0000] {logging_mixin.py:190} INFO - Extraction finished!
[2026-09-19T17:31:57.156+0000] {logging_mixin.py:190} INFO - Saved to /opt/***/data/bronze/weather_raw.json
[2026-09-19T17:31:57.479+0000] {logging_mixin.py:190} INFO - Extraction finished!
[2026-09-19T17:31:57.479+0000] {logging_mixin.py:190} INFO - Saved to /opt/***/data/bronze/weather_raw.json
[2026-09-19T17:31:57.822+0000] {logging_mixin.py:190} INFO - Extraction finished!
[2026-09-19T17:31:57.822+0000] {logging_mixin.py:190} INFO - Saved to /opt/***/data/bronze/weather_raw.json
[2026-09-19T17:31:58.211+0000] {logging_mixin.py:190} INFO - Extraction finished!
[2026-09-19T17:31:58.211+0000] {logging_mixin.py:190} INFO - Saved to /opt/***/data/bronze/weather_raw.json
[2026-09-19T17:31:58.551+0000] {logging_mixin.py:190} INFO - Extraction finished!
[2026-09-19T17:31:58.551+0000] {logging_mixin.py:190} INFO - Saved to /opt/***/data/bronze/weather_raw.json
[2026-09-19T17:31:58.873+0000] {logging_mixin.py:190} INFO - Extraction finished!
[2026-09-19T17:31:58.873+0000] {logging_mixin.py:190} INFO - Saved to /opt/***/data/bronze/weather_raw.json
[2026-09-19T17:31:59.197+0000] {logging_mixin.py:190} INFO - Extraction finished!
[2026-09-19T17:31:59.198+0000] {logging_mixin.py:190} INFO - Saved to /opt/***/data/bronze/weather_raw.json
[2026-09-19T17:31:59.529+0000] {logging_mixin.py:190} INFO - Extraction finished!
[2026-09-19T17:31:59.530+0000] {logging_mixin.py:190} INFO - Saved to /opt/***/data/bronze/weather_raw.json
[2026-09-19T17:31:59.837+0000] {logging_mixin.py:190} INFO - Extraction finished!
[2026-09-19T17:31:59.838+0000] {logging_mixin.py:190} INFO - Saved to /opt/***/data/bronze/weather_raw.json
[2026-09-19T17:32:00.172+0000] {logging_mixin.py:190} INFO - Extraction finished!
[2026-09-19T17:32:00.172+0000] {logging_mixin.py:190} INFO - Saved to /opt/***/data/bronze/weather_raw.json
[2026-09-19T17:32:00.503+0000] {logging_mixin.py:190} INFO - Extraction finished!
[2026-09-19T17:32:00.504+0000] {logging_mixin.py:190} INFO - Saved to /opt/***/data/bronze/weather_raw.json
[2026-09-19T17:32:00.806+0000] {logging_mixin.py:190} INFO - Extraction finished!
[2026-09-19T17:32:00.806+0000] {logging_mixin.py:190} INFO - Saved to /opt/***/data/bronze/weather_raw.json
[2026-09-19T17:32:01.114+0000] {logging_mixin.py:190} INFO - Extraction finished!
[2026-09-19T17:32:01.114+0000] {logging_mixin.py:190} INFO - Saved to /opt/***/data/bronze/weather_raw.json
[2026-09-19T17:32:01.448+0000] {logging_mixin.py:190} INFO - Extraction finished!
[2026-09-19T17:32:01.448+0000] {logging_mixin.py:190} INFO - Saved to /opt/***/data/bronze/weather_raw.json
[2026-09-19T17:32:01.765+0000] {logging_mixin.py:190} INFO - Extraction finished!
[2026-09-19T17:32:01.765+0000] {logging_mixin.py:190} INFO - Saved to /opt/***/data/bronze/weather_raw.json
[2026-09-19T17:32:02.085+0000] {logging_mixin.py:190} INFO - Extraction finished!
[2026-09-19T17:32:02.086+0000] {logging_mixin.py:190} INFO - Saved to /opt/***/data/bronze/weather_raw.json
[2026-09-19T17:32:02.419+0000] {logging_mixin.py:190} INFO - Extraction finished!
[2026-09-19T17:32:02.419+0000] {logging_mixin.py:190} INFO - Saved to /opt/***/data/bronze/weather_raw.json
[2026-09-19T17:32:02.728+0000] {logging_mixin.py:190} INFO - Extraction finished!
[2026-09-19T17:32:02.729+0000] {logging_mixin.py:190} INFO - Saved to /opt/***/data/bronze/weather_raw.json
[2026-09-19T17:32:03.051+0000] {logging_mixin.py:190} INFO - Extraction finished!
[2026-09-19T17:32:03.051+0000] {logging_mixin.py:190} INFO - Saved to /opt/***/data/bronze/weather_raw.json
[2026-09-19T17:32:03.366+0000] {logging_mixin.py:190} INFO - Extraction finished!
[2026-09-19T17:32:03.367+0000] {logging_mixin.py:190} INFO - Saved to /opt/***/data/bronze/weather_raw.json
[2026-09-19T17:32:03.683+0000] {logging_mixin.py:190} INFO - Extraction finished!
[2026-09-19T17:32:03.683+0000] {logging_mixin.py:190} INFO - Saved to /opt/***/data/bronze/weather_raw.json
[2026-09-19T17:32:03.998+0000] {logging_mixin.py:190} INFO - Extraction finished!
[2026-09-19T17:32:03.998+0000] {logging_mixin.py:190} INFO - Saved to /opt/***/data/bronze/weather_raw.json
[2026-09-19T17:32:04.310+0000] {logging_mixin.py:190} INFO - Extraction finished!
[2026-09-19T17:32:04.310+0000] {logging_mixin.py:190} INFO - Saved to /opt/***/data/bronze/weather_raw.json
[2026-09-19T17:32:04.626+0000] {logging_mixin.py:190} INFO - Extraction finished!
[2026-09-19T17:32:04.626+0000] {logging_mixin.py:190} INFO - Saved to /opt/***/data/bronze/weather_raw.json
[2026-09-19T17:32:04.948+0000] {logging_mixin.py:190} INFO - Extraction finished!
[2026-09-19T17:32:04.948+0000] {logging_mixin.py:190} INFO - Saved to /opt/***/data/bronze/weather_raw.json
[2026-09-19T17:32:05.289+0000] {logging_mixin.py:190} INFO - Extraction finished!
[2026-09-19T17:32:05.289+0000] {logging_mixin.py:190} INFO - Saved to /opt/***/data/bronze/weather_raw.json
[2026-09-19T17:32:05.610+0000] {logging_mixin.py:190} INFO - Extraction finished!
[2026-09-19T17:32:05.610+0000] {logging_mixin.py:190} INFO - Saved to /opt/***/data/bronze/weather_raw.json
[2026-09-19T17:32:05.923+0000] {logging_mixin.py:190} INFO - Extraction finished!
[2026-09-19T17:32:05.923+0000] {logging_mixin.py:190} INFO - Saved to /opt/***/data/bronze/weather_raw.json
[2026-09-19T17:32:06.253+0000] {logging_mixin.py:190} INFO - Extraction finished!
[2026-09-19T17:32:06.253+0000] {logging_mixin.py:190} INFO - Saved to /opt/***/data/bronze/weather_raw.json
[2026-09-19T17:32:06.579+0000] {logging_mixin.py:190} INFO - Extraction finished!
[2026-09-19T17:32:06.579+0000] {logging_mixin.py:190} INFO - Saved to /opt/***/data/bronze/weather_raw.json
[2026-09-19T17:32:06.895+0000] {logging_mixin.py:190} INFO - Extraction finished!
[2026-09-19T17:32:06.896+0000] {logging_mixin.py:190} INFO - Saved to /opt/***/data/bronze/weather_raw.json
[2026-09-19T17:32:07.248+0000] {logging_mixin.py:190} INFO - Extraction finished!
[2026-09-19T17:32:07.248+0000] {logging_mixin.py:190} INFO - Saved to /opt/***/data/bronze/weather_raw.json
[2026-09-19T17:32:07.572+0000] {logging_mixin.py:190} INFO - Extraction finished!
[2026-09-19T17:32:07.572+0000] {logging_mixin.py:190} INFO - Saved to /opt/***/data/bronze/weather_raw.json
[2026-09-19T17:32:07.915+0000] {logging_mixin.py:190} INFO - Extraction finished!
[2026-09-19T17:32:07.915+0000] {logging_mixin.py:190} INFO - Saved to /opt/***/data/bronze/weather_raw.json
[2026-09-19T17:32:08.255+0000] {logging_mixin.py:190} INFO - Extraction finished!
[2026-09-19T17:32:08.255+0000] {logging_mixin.py:190} INFO - Saved to /opt/***/data/bronze/weather_raw.json
[2026-09-19T17:32:08.576+0000] {logging_mixin.py:190} INFO - Extraction finished!
[2026-09-19T17:32:08.576+0000] {logging_mixin.py:190} INFO - Saved to /opt/***/data/bronze/weather_raw.json
[2026-09-19T17:32:08.918+0000] {logging_mixin.py:190} INFO - Extraction finished!
[2026-09-19T17:32:08.918+0000] {logging_mixin.py:190} INFO - Saved to /opt/***/data/bronze/weather_raw.json
[2026-09-19T17:32:09.251+0000] {logging_mixin.py:190} INFO - Extraction finished!
[2026-09-19T17:32:09.251+0000] {logging_mixin.py:190} INFO - Saved to /opt/***/data/bronze/weather_raw.json
[2026-09-19T17:32:09.594+0000] {logging_mixin.py:190} INFO - Extraction finished!
[2026-09-19T17:32:09.595+0000] {logging_mixin.py:190} INFO - Saved to /opt/***/data/bronze/weather_raw.json
[2026-09-19T17:32:09.934+0000] {logging_mixin.py:190} INFO - Extraction finished!
[2026-09-19T17:32:09.934+0000] {logging_mixin.py:190} INFO - Saved to /opt/***/data/bronze/weather_raw.json
[2026-09-19T17:32:10.294+0000] {logging_mixin.py:190} INFO - Extraction finished!
[2026-09-19T17:32:10.294+0000] {logging_mixin.py:190} INFO - Saved to /opt/***/data/bronze/weather_raw.json
[2026-09-19T17:32:10.632+0000] {logging_mixin.py:190} INFO - Extraction finished!
[2026-09-19T17:32:10.632+0000] {logging_mixin.py:190} INFO - Saved to /opt/***/data/bronze/weather_raw.json
[2026-09-19T17:32:10.963+0000] {logging_mixin.py:190} INFO - Extraction finished!
[2026-09-19T17:32:10.963+0000] {logging_mixin.py:190} INFO - Saved to /opt/***/data/bronze/weather_raw.json
[2026-09-19T17:32:11.318+0000] {logging_mixin.py:190} INFO - Extraction finished!
[2026-09-19T17:32:11.318+0000] {logging_mixin.py:190} INFO - Saved to /opt/***/data/bronze/weather_raw.json
[2026-09-19T17:32:11.643+0000] {logging_mixin.py:190} INFO - Extraction finished!
[2026-09-19T17:32:11.643+0000] {logging_mixin.py:190} INFO - Saved to /opt/***/data/bronze/weather_raw.json
[2026-09-19T17:32:11.963+0000] {logging_mixin.py:190} INFO - Extraction finished!
[2026-09-19T17:32:11.964+0000] {logging_mixin.py:190} INFO - Saved to /opt/***/data/bronze/weather_raw.json
[2026-09-19T17:32:12.329+0000] {logging_mixin.py:190} INFO - Extraction finished!
[2026-09-19T17:32:12.329+0000] {logging_mixin.py:190} INFO - Saved to /opt/***/data/bronze/weather_raw.json
[2026-09-19T17:32:12.649+0000] {logging_mixin.py:190} INFO - Extraction finished!
[2026-09-19T17:32:12.649+0000] {logging_mixin.py:190} INFO - Saved to /opt/***/data/bronze/weather_raw.json
[2026-09-19T17:32:12.990+0000] {logging_mixin.py:190} INFO - Extraction finished!
[2026-09-19T17:32:12.990+0000] {logging_mixin.py:190} INFO - Saved to /opt/***/data/bronze/weather_raw.json
[2026-09-19T17:32:13.295+0000] {logging_mixin.py:190} INFO - Extraction finished!
[2026-09-19T17:32:13.296+0000] {logging_mixin.py:190} INFO - Saved to /opt/***/data/bronze/weather_raw.json
[2026-09-19T17:32:13.611+0000] {logging_mixin.py:190} INFO - Extraction finished!
[2026-09-19T17:32:13.611+0000] {logging_mixin.py:190} INFO - Saved to /opt/***/data/bronze/weather_raw.json
[2026-09-19T17:32:13.949+0000] {logging_mixin.py:190} INFO - Extraction finished!
[2026-09-19T17:32:13.949+0000] {logging_mixin.py:190} INFO - Saved to /opt/***/data/bronze/weather_raw.json
[2026-09-19T17:32:14.259+0000] {logging_mixin.py:190} INFO - Extraction finished!
[2026-09-19T17:32:14.259+0000] {logging_mixin.py:190} INFO - Saved to /opt/***/data/bronze/weather_raw.json
[2026-09-19T17:32:14.582+0000] {logging_mixin.py:190} INFO - Extraction finished!
[2026-09-19T17:32:14.582+0000] {logging_mixin.py:190} INFO - Saved to /opt/***/data/bronze/weather_raw.json
[2026-09-19T17:32:14.928+0000] {logging_mixin.py:190} INFO - Extraction finished!
[2026-09-19T17:32:14.928+0000] {logging_mixin.py:190} INFO - Saved to /opt/***/data/bronze/weather_raw.json
[2026-09-19T17:32:15.255+0000] {logging_mixin.py:190} INFO - Extraction finished!
[2026-09-19T17:32:15.255+0000] {logging_mixin.py:190} INFO - Saved to /opt/***/data/bronze/weather_raw.json
[2026-09-19T17:32:15.566+0000] {logging_mixin.py:190} INFO - Extraction finished!
[2026-09-19T17:32:15.566+0000] {logging_mixin.py:190} INFO - Saved to /opt/***/data/bronze/weather_raw.json
[2026-09-19T17:32:15.880+0000] {logging_mixin.py:190} INFO - Extraction finished!
[2026-09-19T17:32:15.881+0000] {logging_mixin.py:190} INFO - Saved to /opt/***/data/bronze/weather_raw.json
[2026-09-19T17:32:16.228+0000] {logging_mixin.py:190} INFO - Extraction finished!
[2026-09-19T17:32:16.228+0000] {logging_mixin.py:190} INFO - Saved to /opt/***/data/bronze/weather_raw.json
[2026-09-19T17:32:16.552+0000] {logging_mixin.py:190} INFO - Extraction finished!
[2026-09-19T17:32:16.553+0000] {logging_mixin.py:190} INFO - Saved to /opt/***/data/bronze/weather_raw.json
[2026-09-19T17:32:16.873+0000] {logging_mixin.py:190} INFO - Extraction finished!
[2026-09-19T17:32:16.873+0000] {logging_mixin.py:190} INFO - Saved to /opt/***/data/bronze/weather_raw.json
[2026-09-19T17:32:17.200+0000] {logging_mixin.py:190} INFO - Extraction finished!
[2026-09-19T17:32:17.200+0000] {logging_mixin.py:190} INFO - Saved to /opt/***/data/bronze/weather_raw.json
[2026-09-19T17:32:17.525+0000] {logging_mixin.py:190} INFO - Extraction finished!
[2026-09-19T17:32:17.525+0000] {logging_mixin.py:190} INFO - Saved to /opt/***/data/bronze/weather_raw.json
[2026-09-19T17:32:17.831+0000] {logging_mixin.py:190} INFO - Extraction finished!
[2026-09-19T17:32:17.831+0000] {logging_mixin.py:190} INFO - Saved to /opt/***/data/bronze/weather_raw.json
[2026-09-19T17:32:18.155+0000] {logging_mixin.py:190} INFO - Extraction finished!
[2026-09-19T17:32:18.156+0000] {logging_mixin.py:190} INFO - Saved to /opt/***/data/bronze/weather_raw.json
[2026-09-19T17:32:18.484+0000] {logging_mixin.py:190} INFO - Extraction finished!
[2026-09-19T17:32:18.484+0000] {logging_mixin.py:190} INFO - Saved to /opt/***/data/bronze/weather_raw.json
[2026-09-19T17:32:18.825+0000] {logging_mixin.py:190} INFO - Extraction finished!
[2026-09-19T17:32:18.825+0000] {logging_mixin.py:190} INFO - Saved to /opt/***/data/bronze/weather_raw.json
[2026-09-19T17:32:19.176+0000] {logging_mixin.py:190} INFO - Extraction finished!
[2026-09-19T17:32:19.176+0000] {logging_mixin.py:190} INFO - Saved to /opt/***/data/bronze/weather_raw.json
[2026-09-19T17:32:19.526+0000] {logging_mixin.py:190} INFO - Extraction finished!
[2026-09-19T17:32:19.526+0000] {logging_mixin.py:190} INFO - Saved to /opt/***/data/bronze/weather_raw.json
[2026-09-19T17:32:19.860+0000] {logging_mixin.py:190} INFO - Extraction finished!
[2026-09-19T17:32:19.860+0000] {logging_mixin.py:190} INFO - Saved to /opt/***/data/bronze/weather_raw.json
[2026-09-19T17:32:20.192+0000] {logging_mixin.py:190} INFO - Extraction finished!
[2026-09-19T17:32:20.192+0000] {logging_mixin.py:190} INFO - Saved to /opt/***/data/bronze/weather_raw.json
[2026-09-19T17:32:20.526+0000] {logging_mixin.py:190} INFO - Extraction finished!
[2026-09-19T17:32:20.526+0000] {logging_mixin.py:190} INFO - Saved to /opt/***/data/bronze/weather_raw.json
[2026-09-19T17:32:20.871+0000] {logging_mixin.py:190} INFO - Extraction finished!
[2026-09-19T17:32:20.871+0000] {logging_mixin.py:190} INFO - Saved to /opt/***/data/bronze/weather_raw.json
[2026-09-19T17:32:21.196+0000] {logging_mixin.py:190} INFO - Extraction finished!
[2026-09-19T17:32:21.197+0000] {logging_mixin.py:190} INFO - Saved to /opt/***/data/bronze/weather_raw.json
[2026-09-19T17:32:21.536+0000] {logging_mixin.py:190} INFO - Extraction finished!
[2026-09-19T17:32:21.536+0000] {logging_mixin.py:190} INFO - Saved to /opt/***/data/bronze/weather_raw.json
[2026-09-19T17:32:21.896+0000] {logging_mixin.py:190} INFO - Extraction finished!
[2026-09-19T17:32:21.896+0000] {logging_mixin.py:190} INFO - Saved to /opt/***/data/bronze/weather_raw.json
[2026-09-19T17:32:22.227+0000] {logging_mixin.py:190} INFO - Extraction finished!
[2026-09-19T17:32:22.227+0000] {logging_mixin.py:190} INFO - Saved to /opt/***/data/bronze/weather_raw.json
[2026-09-19T17:32:22.228+0000] {logging_mixin.py:190} INFO - Data loaded successefully.
[2026-09-19T17:32:22.228+0000] {python.py:240} INFO - Done. Returned value was: None
[2026-09-19T17:32:22.240+0000] {taskinstance.py:340} INFO - ::group::Post task execution logs
[2026-09-19T17:32:22.240+0000] {taskinstance.py:352} INFO - Marking task as SUCCESS. dag_id=etl_pipeline, task_id=extract, run_id=manual__2026-09-19T17:31:39.127053+00:00, execution_date=20260919T173139, start_date=20260919T173141, end_date=20260919T173222
[2026-09-19T17:32:22.278+0000] {local_task_job_runner.py:266} INFO - Task exited with return code 0
[2026-09-19T17:32:22.297+0000] {taskinstance.py:3895} INFO - 1 downstream tasks scheduled from follow-on schedule check
[2026-09-19T17:32:22.299+0000] {local_task_job_runner.py:245} INFO - ::endgroup::
