[2026-09-19T18:09:41.337+0000] {local_task_job_runner.py:123} INFO - ::group::Pre task execution logs
[2026-09-19T18:09:41.349+0000] {taskinstance.py:2613} INFO - Dependencies all met for dep_context=non-requeueable deps ti=<TaskInstance: etl_pipeline.extract manual__2026-09-19T18:09:39.323089+00:00 [queued]>
[2026-09-19T18:09:41.356+0000] {taskinstance.py:2613} INFO - Dependencies all met for dep_context=requeueable deps ti=<TaskInstance: etl_pipeline.extract manual__2026-09-19T18:09:39.323089+00:00 [queued]>
[2026-09-19T18:09:41.356+0000] {taskinstance.py:2866} INFO - Starting attempt 1 of 1
[2026-09-19T18:09:41.362+0000] {taskinstance.py:2889} INFO - Executing <Task(_PythonDecoratedOperator): extract> on 2026-09-19 18:09:39.323089+00:00
[2026-09-19T18:09:41.366+0000] {logging_mixin.py:190} WARNING - /home/***/.local/lib/python3.12/site-packages/***/task/task_runner/standard_task_runner.py:70 DeprecationWarning: This process (pid=65) is multi-threaded, use of fork() may lead to deadlocks in the child.
[2026-09-19T18:09:41.366+0000] {standard_task_runner.py:72} INFO - Started process 89 to run task
[2026-09-19T18:09:41.367+0000] {standard_task_runner.py:104} INFO - Running: ['***', 'tasks', 'run', 'etl_pipeline', 'extract', 'manual__2026-09-19T18:09:39.323089+00:00', '--job-id', '2', '--raw', '--subdir', 'DAGS_FOLDER/dags.py', '--cfg-path', '/tmp/tmpzcqfhe6x']
[2026-09-19T18:09:41.369+0000] {standard_task_runner.py:105} INFO - Job 2: Subtask extract
[2026-09-19T18:09:41.401+0000] {task_command.py:467} INFO - Running <TaskInstance: etl_pipeline.extract manual__2026-09-19T18:09:39.323089+00:00 [running]> on host 4d7b36382de9
[2026-09-19T18:09:41.454+0000] {taskinstance.py:3132} INFO - Exporting env vars: AIRFLOW_CTX_DAG_OWNER='***' AIRFLOW_CTX_DAG_ID='etl_pipeline' AIRFLOW_CTX_TASK_ID='extract' AIRFLOW_CTX_EXECUTION_DATE='2026-09-19T18:09:39.323089+00:00' AIRFLOW_CTX_TRY_NUMBER='1' AIRFLOW_CTX_DAG_RUN_ID='manual__2026-09-19T18:09:39.323089+00:00'
[2026-09-19T18:09:41.455+0000] {taskinstance.py:731} INFO - ::endgroup::
[2026-09-19T18:09:41.456+0000] {logging_mixin.py:190} INFO - Exctracting data...
[2026-09-19T18:09:41.770+0000] {logging_mixin.py:190} INFO - Extraction finished!
[2026-09-19T18:09:41.770+0000] {logging_mixin.py:190} INFO - Saved to /opt/***/data/bronze/weather_raw.json
[2026-09-19T18:09:42.082+0000] {logging_mixin.py:190} INFO - Extraction finished!
[2026-09-19T18:09:42.083+0000] {logging_mixin.py:190} INFO - Saved to /opt/***/data/bronze/weather_raw.json
[2026-09-19T18:09:42.430+0000] {logging_mixin.py:190} INFO - Extraction finished!
[2026-09-19T18:09:42.430+0000] {logging_mixin.py:190} INFO - Saved to /opt/***/data/bronze/weather_raw.json
[2026-09-19T18:09:42.757+0000] {logging_mixin.py:190} INFO - Extraction finished!
[2026-09-19T18:09:42.757+0000] {logging_mixin.py:190} INFO - Saved to /opt/***/data/bronze/weather_raw.json
[2026-09-19T18:09:43.076+0000] {logging_mixin.py:190} INFO - Extraction finished!
[2026-09-19T18:09:43.079+0000] {logging_mixin.py:190} INFO - Saved to /opt/***/data/bronze/weather_raw.json
[2026-09-19T18:09:43.390+0000] {logging_mixin.py:190} INFO - Extraction finished!
[2026-09-19T18:09:43.390+0000] {logging_mixin.py:190} INFO - Saved to /opt/***/data/bronze/weather_raw.json
[2026-09-19T18:09:43.712+0000] {logging_mixin.py:190} INFO - Extraction finished!
[2026-09-19T18:09:43.712+0000] {logging_mixin.py:190} INFO - Saved to /opt/***/data/bronze/weather_raw.json
[2026-09-19T18:09:44.028+0000] {logging_mixin.py:190} INFO - Extraction finished!
[2026-09-19T18:09:44.028+0000] {logging_mixin.py:190} INFO - Saved to /opt/***/data/bronze/weather_raw.json
[2026-09-19T18:09:44.354+0000] {logging_mixin.py:190} INFO - Extraction finished!
[2026-09-19T18:09:44.355+0000] {logging_mixin.py:190} INFO - Saved to /opt/***/data/bronze/weather_raw.json
[2026-09-19T18:09:44.689+0000] {logging_mixin.py:190} INFO - Extraction finished!
[2026-09-19T18:09:44.689+0000] {logging_mixin.py:190} INFO - Saved to /opt/***/data/bronze/weather_raw.json
[2026-09-19T18:09:45.017+0000] {logging_mixin.py:190} INFO - Extraction finished!
[2026-09-19T18:09:45.017+0000] {logging_mixin.py:190} INFO - Saved to /opt/***/data/bronze/weather_raw.json
[2026-09-19T18:09:45.340+0000] {logging_mixin.py:190} INFO - Extraction finished!
[2026-09-19T18:09:45.340+0000] {logging_mixin.py:190} INFO - Saved to /opt/***/data/bronze/weather_raw.json
[2026-09-19T18:09:45.649+0000] {logging_mixin.py:190} INFO - Extraction finished!
[2026-09-19T18:09:45.649+0000] {logging_mixin.py:190} INFO - Saved to /opt/***/data/bronze/weather_raw.json
[2026-09-19T18:09:45.974+0000] {logging_mixin.py:190} INFO - Extraction finished!
[2026-09-19T18:09:45.974+0000] {logging_mixin.py:190} INFO - Saved to /opt/***/data/bronze/weather_raw.json
[2026-09-19T18:09:46.295+0000] {logging_mixin.py:190} INFO - Extraction finished!
[2026-09-19T18:09:46.296+0000] {logging_mixin.py:190} INFO - Saved to /opt/***/data/bronze/weather_raw.json
[2026-09-19T18:09:46.615+0000] {logging_mixin.py:190} INFO - Extraction finished!
[2026-09-19T18:09:46.616+0000] {logging_mixin.py:190} INFO - Saved to /opt/***/data/bronze/weather_raw.json
[2026-09-19T18:09:46.936+0000] {logging_mixin.py:190} INFO - Extraction finished!
[2026-09-19T18:09:46.937+0000] {logging_mixin.py:190} INFO - Saved to /opt/***/data/bronze/weather_raw.json
[2026-09-19T18:09:47.254+0000] {logging_mixin.py:190} INFO - Extraction finished!
[2026-09-19T18:09:47.254+0000] {logging_mixin.py:190} INFO - Saved to /opt/***/data/bronze/weather_raw.json
[2026-09-19T18:09:47.578+0000] {logging_mixin.py:190} INFO - Extraction finished!
[2026-09-19T18:09:47.578+0000] {logging_mixin.py:190} INFO - Saved to /opt/***/data/bronze/weather_raw.json
[2026-09-19T18:09:47.914+0000] {logging_mixin.py:190} INFO - Extraction finished!
[2026-09-19T18:09:47.915+0000] {logging_mixin.py:190} INFO - Saved to /opt/***/data/bronze/weather_raw.json
[2026-09-19T18:09:48.243+0000] {logging_mixin.py:190} INFO - Extraction finished!
[2026-09-19T18:09:48.243+0000] {logging_mixin.py:190} INFO - Saved to /opt/***/data/bronze/weather_raw.json
[2026-09-19T18:09:48.543+0000] {logging_mixin.py:190} INFO - Extraction finished!
[2026-09-19T18:09:48.543+0000] {logging_mixin.py:190} INFO - Saved to /opt/***/data/bronze/weather_raw.json
[2026-09-19T18:09:48.878+0000] {logging_mixin.py:190} INFO - Extraction finished!
[2026-09-19T18:09:48.878+0000] {logging_mixin.py:190} INFO - Saved to /opt/***/data/bronze/weather_raw.json
[2026-09-19T18:09:49.203+0000] {logging_mixin.py:190} INFO - Extraction finished!
[2026-09-19T18:09:49.203+0000] {logging_mixin.py:190} INFO - Saved to /opt/***/data/bronze/weather_raw.json
[2026-09-19T18:09:49.540+0000] {logging_mixin.py:190} INFO - Extraction finished!
[2026-09-19T18:09:49.541+0000] {logging_mixin.py:190} INFO - Saved to /opt/***/data/bronze/weather_raw.json
[2026-09-19T18:09:49.855+0000] {logging_mixin.py:190} INFO - Extraction finished!
[2026-09-19T18:09:49.856+0000] {logging_mixin.py:190} INFO - Saved to /opt/***/data/bronze/weather_raw.json
[2026-09-19T18:09:50.193+0000] {logging_mixin.py:190} INFO - Extraction finished!
[2026-09-19T18:09:50.193+0000] {logging_mixin.py:190} INFO - Saved to /opt/***/data/bronze/weather_raw.json
[2026-09-19T18:09:50.528+0000] {logging_mixin.py:190} INFO - Extraction finished!
[2026-09-19T18:09:50.528+0000] {logging_mixin.py:190} INFO - Saved to /opt/***/data/bronze/weather_raw.json
[2026-09-19T18:09:50.832+0000] {logging_mixin.py:190} INFO - Extraction finished!
[2026-09-19T18:09:50.832+0000] {logging_mixin.py:190} INFO - Saved to /opt/***/data/bronze/weather_raw.json
[2026-09-19T18:09:51.158+0000] {logging_mixin.py:190} INFO - Extraction finished!
[2026-09-19T18:09:51.158+0000] {logging_mixin.py:190} INFO - Saved to /opt/***/data/bronze/weather_raw.json
[2026-09-19T18:09:51.477+0000] {logging_mixin.py:190} INFO - Extraction finished!
[2026-09-19T18:09:51.478+0000] {logging_mixin.py:190} INFO - Saved to /opt/***/data/bronze/weather_raw.json
[2026-09-19T18:09:51.804+0000] {logging_mixin.py:190} INFO - Extraction finished!
[2026-09-19T18:09:51.804+0000] {logging_mixin.py:190} INFO - Saved to /opt/***/data/bronze/weather_raw.json
[2026-09-19T18:09:52.122+0000] {logging_mixin.py:190} INFO - Extraction finished!
[2026-09-19T18:09:52.123+0000] {logging_mixin.py:190} INFO - Saved to /opt/***/data/bronze/weather_raw.json
[2026-09-19T18:09:52.442+0000] {logging_mixin.py:190} INFO - Extraction finished!
[2026-09-19T18:09:52.443+0000] {logging_mixin.py:190} INFO - Saved to /opt/***/data/bronze/weather_raw.json
[2026-09-19T18:09:52.767+0000] {logging_mixin.py:190} INFO - Extraction finished!
[2026-09-19T18:09:52.768+0000] {logging_mixin.py:190} INFO - Saved to /opt/***/data/bronze/weather_raw.json
[2026-09-19T18:09:53.078+0000] {logging_mixin.py:190} INFO - Extraction finished!
[2026-09-19T18:09:53.078+0000] {logging_mixin.py:190} INFO - Saved to /opt/***/data/bronze/weather_raw.json
[2026-09-19T18:09:53.409+0000] {logging_mixin.py:190} INFO - Extraction finished!
[2026-09-19T18:09:53.409+0000] {logging_mixin.py:190} INFO - Saved to /opt/***/data/bronze/weather_raw.json
[2026-09-19T18:09:53.729+0000] {logging_mixin.py:190} INFO - Extraction finished!
[2026-09-19T18:09:53.729+0000] {logging_mixin.py:190} INFO - Saved to /opt/***/data/bronze/weather_raw.json
[2026-09-19T18:09:54.050+0000] {logging_mixin.py:190} INFO - Extraction finished!
[2026-09-19T18:09:54.050+0000] {logging_mixin.py:190} INFO - Saved to /opt/***/data/bronze/weather_raw.json
[2026-09-19T18:09:54.377+0000] {logging_mixin.py:190} INFO - Extraction finished!
[2026-09-19T18:09:54.377+0000] {logging_mixin.py:190} INFO - Saved to /opt/***/data/bronze/weather_raw.json
[2026-09-19T18:09:54.688+0000] {logging_mixin.py:190} INFO - Extraction finished!
[2026-09-19T18:09:54.688+0000] {logging_mixin.py:190} INFO - Saved to /opt/***/data/bronze/weather_raw.json
[2026-09-19T18:09:55.012+0000] {logging_mixin.py:190} INFO - Extraction finished!
[2026-09-19T18:09:55.012+0000] {logging_mixin.py:190} INFO - Saved to /opt/***/data/bronze/weather_raw.json
[2026-09-19T18:09:55.316+0000] {logging_mixin.py:190} INFO - Extraction finished!
[2026-09-19T18:09:55.316+0000] {logging_mixin.py:190} INFO - Saved to /opt/***/data/bronze/weather_raw.json
[2026-09-19T18:09:55.633+0000] {logging_mixin.py:190} INFO - Extraction finished!
[2026-09-19T18:09:55.633+0000] {logging_mixin.py:190} INFO - Saved to /opt/***/data/bronze/weather_raw.json
[2026-09-19T18:09:55.962+0000] {logging_mixin.py:190} INFO - Extraction finished!
[2026-09-19T18:09:55.963+0000] {logging_mixin.py:190} INFO - Saved to /opt/***/data/bronze/weather_raw.json
[2026-09-19T18:09:56.271+0000] {logging_mixin.py:190} INFO - Extraction finished!
[2026-09-19T18:09:56.271+0000] {logging_mixin.py:190} INFO - Saved to /opt/***/data/bronze/weather_raw.json
[2026-09-19T18:09:56.590+0000] {logging_mixin.py:190} INFO - Extraction finished!
[2026-09-19T18:09:56.590+0000] {logging_mixin.py:190} INFO - Saved to /opt/***/data/bronze/weather_raw.json
[2026-09-19T18:09:56.921+0000] {logging_mixin.py:190} INFO - Extraction finished!
[2026-09-19T18:09:56.921+0000] {logging_mixin.py:190} INFO - Saved to /opt/***/data/bronze/weather_raw.json
[2026-09-19T18:09:57.247+0000] {logging_mixin.py:190} INFO - Extraction finished!
[2026-09-19T18:09:57.247+0000] {logging_mixin.py:190} INFO - Saved to /opt/***/data/bronze/weather_raw.json
[2026-09-19T18:09:57.563+0000] {logging_mixin.py:190} INFO - Extraction finished!
[2026-09-19T18:09:57.563+0000] {logging_mixin.py:190} INFO - Saved to /opt/***/data/bronze/weather_raw.json
[2026-09-19T18:09:57.893+0000] {logging_mixin.py:190} INFO - Extraction finished!
[2026-09-19T18:09:57.893+0000] {logging_mixin.py:190} INFO - Saved to /opt/***/data/bronze/weather_raw.json
[2026-09-19T18:09:58.258+0000] {logging_mixin.py:190} INFO - Extraction finished!
[2026-09-19T18:09:58.258+0000] {logging_mixin.py:190} INFO - Saved to /opt/***/data/bronze/weather_raw.json
[2026-09-19T18:09:58.568+0000] {logging_mixin.py:190} INFO - Extraction finished!
[2026-09-19T18:09:58.568+0000] {logging_mixin.py:190} INFO - Saved to /opt/***/data/bronze/weather_raw.json
[2026-09-19T18:09:58.880+0000] {logging_mixin.py:190} INFO - Extraction finished!
[2026-09-19T18:09:58.880+0000] {logging_mixin.py:190} INFO - Saved to /opt/***/data/bronze/weather_raw.json
[2026-09-19T18:09:59.220+0000] {logging_mixin.py:190} INFO - Extraction finished!
[2026-09-19T18:09:59.220+0000] {logging_mixin.py:190} INFO - Saved to /opt/***/data/bronze/weather_raw.json
[2026-09-19T18:09:59.549+0000] {logging_mixin.py:190} INFO - Extraction finished!
[2026-09-19T18:09:59.549+0000] {logging_mixin.py:190} INFO - Saved to /opt/***/data/bronze/weather_raw.json
[2026-09-19T18:09:59.869+0000] {logging_mixin.py:190} INFO - Extraction finished!
[2026-09-19T18:09:59.869+0000] {logging_mixin.py:190} INFO - Saved to /opt/***/data/bronze/weather_raw.json
[2026-09-19T18:10:01.051+0000] {logging_mixin.py:190} INFO - Extraction finished!
[2026-09-19T18:10:01.052+0000] {logging_mixin.py:190} INFO - Saved to /opt/***/data/bronze/weather_raw.json
[2026-09-19T18:10:01.949+0000] {logging_mixin.py:190} INFO - Extraction finished!
[2026-09-19T18:10:01.949+0000] {logging_mixin.py:190} INFO - Saved to /opt/***/data/bronze/weather_raw.json
[2026-09-19T18:10:02.506+0000] {logging_mixin.py:190} INFO - Extraction finished!
[2026-09-19T18:10:02.506+0000] {logging_mixin.py:190} INFO - Saved to /opt/***/data/bronze/weather_raw.json
[2026-09-19T18:10:02.993+0000] {logging_mixin.py:190} INFO - Extraction finished!
[2026-09-19T18:10:02.993+0000] {logging_mixin.py:190} INFO - Saved to /opt/***/data/bronze/weather_raw.json
[2026-09-19T18:10:03.380+0000] {logging_mixin.py:190} INFO - Extraction finished!
[2026-09-19T18:10:03.380+0000] {logging_mixin.py:190} INFO - Saved to /opt/***/data/bronze/weather_raw.json
[2026-09-19T18:10:03.955+0000] {logging_mixin.py:190} INFO - Extraction finished!
[2026-09-19T18:10:03.955+0000] {logging_mixin.py:190} INFO - Saved to /opt/***/data/bronze/weather_raw.json
[2026-09-19T18:10:04.395+0000] {logging_mixin.py:190} INFO - Extraction finished!
[2026-09-19T18:10:04.395+0000] {logging_mixin.py:190} INFO - Saved to /opt/***/data/bronze/weather_raw.json
[2026-09-19T18:10:04.739+0000] {logging_mixin.py:190} INFO - Extraction finished!
[2026-09-19T18:10:04.739+0000] {logging_mixin.py:190} INFO - Saved to /opt/***/data/bronze/weather_raw.json
[2026-09-19T18:10:05.073+0000] {logging_mixin.py:190} INFO - Extraction finished!
[2026-09-19T18:10:05.073+0000] {logging_mixin.py:190} INFO - Saved to /opt/***/data/bronze/weather_raw.json
[2026-09-19T18:10:05.414+0000] {logging_mixin.py:190} INFO - Extraction finished!
[2026-09-19T18:10:05.415+0000] {logging_mixin.py:190} INFO - Saved to /opt/***/data/bronze/weather_raw.json
[2026-09-19T18:10:05.823+0000] {logging_mixin.py:190} INFO - Extraction finished!
[2026-09-19T18:10:05.823+0000] {logging_mixin.py:190} INFO - Saved to /opt/***/data/bronze/weather_raw.json
[2026-09-19T18:10:06.309+0000] {logging_mixin.py:190} INFO - Extraction finished!
[2026-09-19T18:10:06.309+0000] {logging_mixin.py:190} INFO - Saved to /opt/***/data/bronze/weather_raw.json
[2026-09-19T18:10:06.670+0000] {logging_mixin.py:190} INFO - Extraction finished!
[2026-09-19T18:10:06.670+0000] {logging_mixin.py:190} INFO - Saved to /opt/***/data/bronze/weather_raw.json
[2026-09-19T18:10:07.006+0000] {logging_mixin.py:190} INFO - Extraction finished!
[2026-09-19T18:10:07.006+0000] {logging_mixin.py:190} INFO - Saved to /opt/***/data/bronze/weather_raw.json
[2026-09-19T18:10:07.329+0000] {logging_mixin.py:190} INFO - Extraction finished!
[2026-09-19T18:10:07.330+0000] {logging_mixin.py:190} INFO - Saved to /opt/***/data/bronze/weather_raw.json
[2026-09-19T18:10:07.650+0000] {logging_mixin.py:190} INFO - Extraction finished!
[2026-09-19T18:10:07.650+0000] {logging_mixin.py:190} INFO - Saved to /opt/***/data/bronze/weather_raw.json
[2026-09-19T18:10:07.967+0000] {logging_mixin.py:190} INFO - Extraction finished!
[2026-09-19T18:10:07.967+0000] {logging_mixin.py:190} INFO - Saved to /opt/***/data/bronze/weather_raw.json
[2026-09-19T18:10:08.279+0000] {logging_mixin.py:190} INFO - Extraction finished!
[2026-09-19T18:10:08.280+0000] {logging_mixin.py:190} INFO - Saved to /opt/***/data/bronze/weather_raw.json
[2026-09-19T18:10:08.594+0000] {logging_mixin.py:190} INFO - Extraction finished!
[2026-09-19T18:10:08.594+0000] {logging_mixin.py:190} INFO - Saved to /opt/***/data/bronze/weather_raw.json
[2026-09-19T18:10:08.905+0000] {logging_mixin.py:190} INFO - Extraction finished!
[2026-09-19T18:10:08.905+0000] {logging_mixin.py:190} INFO - Saved to /opt/***/data/bronze/weather_raw.json
[2026-09-19T18:10:09.213+0000] {logging_mixin.py:190} INFO - Extraction finished!
[2026-09-19T18:10:09.213+0000] {logging_mixin.py:190} INFO - Saved to /opt/***/data/bronze/weather_raw.json
[2026-09-19T18:10:09.535+0000] {logging_mixin.py:190} INFO - Extraction finished!
[2026-09-19T18:10:09.536+0000] {logging_mixin.py:190} INFO - Saved to /opt/***/data/bronze/weather_raw.json
[2026-09-19T18:10:09.847+0000] {logging_mixin.py:190} INFO - Extraction finished!
[2026-09-19T18:10:09.847+0000] {logging_mixin.py:190} INFO - Saved to /opt/***/data/bronze/weather_raw.json
[2026-09-19T18:10:10.157+0000] {logging_mixin.py:190} INFO - Extraction finished!
[2026-09-19T18:10:10.157+0000] {logging_mixin.py:190} INFO - Saved to /opt/***/data/bronze/weather_raw.json
[2026-09-19T18:10:10.482+0000] {logging_mixin.py:190} INFO - Extraction finished!
[2026-09-19T18:10:10.482+0000] {logging_mixin.py:190} INFO - Saved to /opt/***/data/bronze/weather_raw.json
[2026-09-19T18:10:10.795+0000] {logging_mixin.py:190} INFO - Extraction finished!
[2026-09-19T18:10:10.795+0000] {logging_mixin.py:190} INFO - Saved to /opt/***/data/bronze/weather_raw.json
[2026-09-19T18:10:11.112+0000] {logging_mixin.py:190} INFO - Extraction finished!
[2026-09-19T18:10:11.112+0000] {logging_mixin.py:190} INFO - Saved to /opt/***/data/bronze/weather_raw.json
[2026-09-19T18:10:11.429+0000] {logging_mixin.py:190} INFO - Extraction finished!
[2026-09-19T18:10:11.429+0000] {logging_mixin.py:190} INFO - Saved to /opt/***/data/bronze/weather_raw.json
[2026-09-19T18:10:11.744+0000] {logging_mixin.py:190} INFO - Extraction finished!
[2026-09-19T18:10:11.745+0000] {logging_mixin.py:190} INFO - Saved to /opt/***/data/bronze/weather_raw.json
[2026-09-19T18:10:12.058+0000] {logging_mixin.py:190} INFO - Extraction finished!
[2026-09-19T18:10:12.058+0000] {logging_mixin.py:190} INFO - Saved to /opt/***/data/bronze/weather_raw.json
[2026-09-19T18:10:12.398+0000] {logging_mixin.py:190} INFO - Extraction finished!
[2026-09-19T18:10:12.399+0000] {logging_mixin.py:190} INFO - Saved to /opt/***/data/bronze/weather_raw.json
[2026-09-19T18:10:12.736+0000] {logging_mixin.py:190} INFO - Extraction finished!
[2026-09-19T18:10:12.737+0000] {logging_mixin.py:190} INFO - Saved to /opt/***/data/bronze/weather_raw.json
[2026-09-19T18:10:13.078+0000] {logging_mixin.py:190} INFO - Extraction finished!
[2026-09-19T18:10:13.078+0000] {logging_mixin.py:190} INFO - Saved to /opt/***/data/bronze/weather_raw.json
[2026-09-19T18:10:13.387+0000] {logging_mixin.py:190} INFO - Extraction finished!
[2026-09-19T18:10:13.387+0000] {logging_mixin.py:190} INFO - Saved to /opt/***/data/bronze/weather_raw.json
[2026-09-19T18:10:13.694+0000] {logging_mixin.py:190} INFO - Extraction finished!
[2026-09-19T18:10:13.695+0000] {logging_mixin.py:190} INFO - Saved to /opt/***/data/bronze/weather_raw.json
[2026-09-19T18:10:14.030+0000] {logging_mixin.py:190} INFO - Extraction finished!
[2026-09-19T18:10:14.030+0000] {logging_mixin.py:190} INFO - Saved to /opt/***/data/bronze/weather_raw.json
[2026-09-19T18:10:14.343+0000] {logging_mixin.py:190} INFO - Extraction finished!
[2026-09-19T18:10:14.344+0000] {logging_mixin.py:190} INFO - Saved to /opt/***/data/bronze/weather_raw.json
[2026-09-19T18:10:14.665+0000] {logging_mixin.py:190} INFO - Extraction finished!
[2026-09-19T18:10:14.666+0000] {logging_mixin.py:190} INFO - Saved to /opt/***/data/bronze/weather_raw.json
[2026-09-19T18:10:15.006+0000] {logging_mixin.py:190} INFO - Extraction finished!
[2026-09-19T18:10:15.006+0000] {logging_mixin.py:190} INFO - Saved to /opt/***/data/bronze/weather_raw.json
[2026-09-19T18:10:15.328+0000] {logging_mixin.py:190} INFO - Extraction finished!
[2026-09-19T18:10:15.329+0000] {logging_mixin.py:190} INFO - Saved to /opt/***/data/bronze/weather_raw.json
[2026-09-19T18:10:15.652+0000] {logging_mixin.py:190} INFO - Extraction finished!
[2026-09-19T18:10:15.652+0000] {logging_mixin.py:190} INFO - Saved to /opt/***/data/bronze/weather_raw.json
[2026-09-19T18:10:15.984+0000] {logging_mixin.py:190} INFO - Extraction finished!
[2026-09-19T18:10:15.984+0000] {logging_mixin.py:190} INFO - Saved to /opt/***/data/bronze/weather_raw.json
[2026-09-19T18:10:16.320+0000] {logging_mixin.py:190} INFO - Extraction finished!
[2026-09-19T18:10:16.320+0000] {logging_mixin.py:190} INFO - Saved to /opt/***/data/bronze/weather_raw.json
[2026-09-19T18:10:16.649+0000] {logging_mixin.py:190} INFO - Extraction finished!
[2026-09-19T18:10:16.649+0000] {logging_mixin.py:190} INFO - Saved to /opt/***/data/bronze/weather_raw.json
[2026-09-19T18:10:16.975+0000] {logging_mixin.py:190} INFO - Extraction finished!
[2026-09-19T18:10:16.975+0000] {logging_mixin.py:190} INFO - Saved to /opt/***/data/bronze/weather_raw.json
[2026-09-19T18:10:17.291+0000] {logging_mixin.py:190} INFO - Extraction finished!
[2026-09-19T18:10:17.291+0000] {logging_mixin.py:190} INFO - Saved to /opt/***/data/bronze/weather_raw.json
[2026-09-19T18:10:17.610+0000] {logging_mixin.py:190} INFO - Extraction finished!
[2026-09-19T18:10:17.610+0000] {logging_mixin.py:190} INFO - Saved to /opt/***/data/bronze/weather_raw.json
[2026-09-19T18:10:17.920+0000] {logging_mixin.py:190} INFO - Extraction finished!
[2026-09-19T18:10:17.920+0000] {logging_mixin.py:190} INFO - Saved to /opt/***/data/bronze/weather_raw.json
[2026-09-19T18:10:18.242+0000] {logging_mixin.py:190} INFO - Extraction finished!
[2026-09-19T18:10:18.242+0000] {logging_mixin.py:190} INFO - Saved to /opt/***/data/bronze/weather_raw.json
[2026-09-19T18:10:18.559+0000] {logging_mixin.py:190} INFO - Extraction finished!
[2026-09-19T18:10:18.559+0000] {logging_mixin.py:190} INFO - Saved to /opt/***/data/bronze/weather_raw.json
[2026-09-19T18:10:18.887+0000] {logging_mixin.py:190} INFO - Extraction finished!
[2026-09-19T18:10:18.888+0000] {logging_mixin.py:190} INFO - Saved to /opt/***/data/bronze/weather_raw.json
[2026-09-19T18:10:19.216+0000] {logging_mixin.py:190} INFO - Extraction finished!
[2026-09-19T18:10:19.216+0000] {logging_mixin.py:190} INFO - Saved to /opt/***/data/bronze/weather_raw.json
[2026-09-19T18:10:19.549+0000] {logging_mixin.py:190} INFO - Extraction finished!
[2026-09-19T18:10:19.549+0000] {logging_mixin.py:190} INFO - Saved to /opt/***/data/bronze/weather_raw.json
[2026-09-19T18:10:19.872+0000] {logging_mixin.py:190} INFO - Extraction finished!
[2026-09-19T18:10:19.872+0000] {logging_mixin.py:190} INFO - Saved to /opt/***/data/bronze/weather_raw.json
[2026-09-19T18:10:20.196+0000] {logging_mixin.py:190} INFO - Extraction finished!
[2026-09-19T18:10:20.196+0000] {logging_mixin.py:190} INFO - Saved to /opt/***/data/bronze/weather_raw.json
[2026-09-19T18:10:20.515+0000] {logging_mixin.py:190} INFO - Extraction finished!
[2026-09-19T18:10:20.515+0000] {logging_mixin.py:190} INFO - Saved to /opt/***/data/bronze/weather_raw.json
[2026-09-19T18:10:20.854+0000] {logging_mixin.py:190} INFO - Extraction finished!
[2026-09-19T18:10:20.854+0000] {logging_mixin.py:190} INFO - Saved to /opt/***/data/bronze/weather_raw.json
[2026-09-19T18:10:21.188+0000] {logging_mixin.py:190} INFO - Extraction finished!
[2026-09-19T18:10:21.189+0000] {logging_mixin.py:190} INFO - Saved to /opt/***/data/bronze/weather_raw.json
[2026-09-19T18:10:21.520+0000] {logging_mixin.py:190} INFO - Extraction finished!
[2026-09-19T18:10:21.520+0000] {logging_mixin.py:190} INFO - Saved to /opt/***/data/bronze/weather_raw.json
[2026-09-19T18:10:21.862+0000] {logging_mixin.py:190} INFO - Extraction finished!
[2026-09-19T18:10:21.862+0000] {logging_mixin.py:190} INFO - Saved to /opt/***/data/bronze/weather_raw.json
[2026-09-19T18:10:22.174+0000] {logging_mixin.py:190} INFO - Extraction finished!
[2026-09-19T18:10:22.174+0000] {logging_mixin.py:190} INFO - Saved to /opt/***/data/bronze/weather_raw.json
[2026-09-19T18:10:22.508+0000] {logging_mixin.py:190} INFO - Extraction finished!
[2026-09-19T18:10:22.509+0000] {logging_mixin.py:190} INFO - Saved to /opt/***/data/bronze/weather_raw.json
[2026-09-19T18:10:22.841+0000] {logging_mixin.py:190} INFO - Extraction finished!
[2026-09-19T18:10:22.841+0000] {logging_mixin.py:190} INFO - Saved to /opt/***/data/bronze/weather_raw.json
[2026-09-19T18:10:22.842+0000] {logging_mixin.py:190} INFO - Data loaded successefully.
[2026-09-19T18:10:22.842+0000] {python.py:240} INFO - Done. Returned value was: None
[2026-09-19T18:10:22.852+0000] {taskinstance.py:340} INFO - ::group::Post task execution logs
[2026-09-19T18:10:22.852+0000] {taskinstance.py:352} INFO - Marking task as SUCCESS. dag_id=etl_pipeline, task_id=extract, run_id=manual__2026-09-19T18:09:39.323089+00:00, execution_date=20260919T180939, start_date=20260919T180941, end_date=20260919T181022
[2026-09-19T18:10:22.889+0000] {local_task_job_runner.py:266} INFO - Task exited with return code 0
[2026-09-19T18:10:22.905+0000] {taskinstance.py:3895} INFO - 1 downstream tasks scheduled from follow-on schedule check
[2026-09-19T18:10:22.906+0000] {local_task_job_runner.py:245} INFO - ::endgroup::
