[2026-09-19T18:10:25.254+0000] {local_task_job_runner.py:123} INFO - ::group::Pre task execution logs
[2026-09-19T18:10:25.264+0000] {taskinstance.py:2613} INFO - Dependencies all met for dep_context=non-requeueable deps ti=<TaskInstance: etl_pipeline.transform manual__2026-09-19T18:09:39.323089+00:00 [queued]>
[2026-09-19T18:10:25.268+0000] {taskinstance.py:2613} INFO - Dependencies all met for dep_context=requeueable deps ti=<TaskInstance: etl_pipeline.transform manual__2026-09-19T18:09:39.323089+00:00 [queued]>
[2026-09-19T18:10:25.268+0000] {taskinstance.py:2866} INFO - Starting attempt 1 of 1
[2026-09-19T18:10:25.273+0000] {taskinstance.py:2889} INFO - Executing <Task(_PythonDecoratedOperator): transform> on 2026-09-19 18:09:39.323089+00:00
[2026-09-19T18:10:25.278+0000] {logging_mixin.py:190} WARNING - /home/***/.local/lib/python3.12/site-packages/***/task/task_runner/standard_task_runner.py:70 DeprecationWarning: This process (pid=93) is multi-threaded, use of fork() may lead to deadlocks in the child.
[2026-09-19T18:10:25.278+0000] {standard_task_runner.py:72} INFO - Started process 117 to run task
[2026-09-19T18:10:25.279+0000] {standard_task_runner.py:104} INFO - Running: ['***', 'tasks', 'run', 'etl_pipeline', 'transform', 'manual__2026-09-19T18:09:39.323089+00:00', '--job-id', '3', '--raw', '--subdir', 'DAGS_FOLDER/dags.py', '--cfg-path', '/tmp/tmpslxnok2v']
[2026-09-19T18:10:25.281+0000] {standard_task_runner.py:105} INFO - Job 3: Subtask transform
[2026-09-19T18:10:25.310+0000] {task_command.py:467} INFO - Running <TaskInstance: etl_pipeline.transform manual__2026-09-19T18:09:39.323089+00:00 [running]> on host 4d7b36382de9
[2026-09-19T18:10:25.350+0000] {taskinstance.py:3132} INFO - Exporting env vars: AIRFLOW_CTX_DAG_OWNER='***' AIRFLOW_CTX_DAG_ID='etl_pipeline' AIRFLOW_CTX_TASK_ID='transform' AIRFLOW_CTX_EXECUTION_DATE='2026-09-19T18:09:39.323089+00:00' AIRFLOW_CTX_TRY_NUMBER='1' AIRFLOW_CTX_DAG_RUN_ID='manual__2026-09-19T18:09:39.323089+00:00'
[2026-09-19T18:10:25.351+0000] {taskinstance.py:731} INFO - ::endgroup::
[2026-09-19T18:10:25.352+0000] {logging_mixin.py:190} INFO - Transforming data...
[2026-09-19T18:10:25.352+0000] {logging_mixin.py:190} INFO - /opt/***/data/bronze/weather_raw.json
[2026-09-19T18:10:25.354+0000] {logging_mixin.py:190} INFO - Loaded 120 cities from bronze.
[2026-09-19T18:10:25.354+0000] {logging_mixin.py:190} INFO - Created 840 weather records
[2026-09-19T18:10:25.361+0000] {logging_mixin.py:190} INFO - Missing values: city                             0
latitude                         0
longitude                        0
date                             0
temperature_max                  0
temperature_min                  0
precipitation_sum                0
precipitation_probability_max    0
wind_speed_max                   0
wind_gusts_max                   0
weather_code                     0
dtype: int64
[2026-09-19T18:10:25.362+0000] {logging_mixin.py:190} INFO - Duplicate records: 0
[2026-09-19T18:10:25.362+0000] {logging_mixin.py:190} INFO - 0 invalid data chunks were found! []
[2026-09-19T18:10:25.366+0000] {logging_mixin.py:190} INFO - City coordinate mismatches: 0
[2026-09-19T18:10:25.387+0000] {logging_mixin.py:190} INFO - Silver Data saved to /opt/***/data/silver/weather_silver.parquet
[2026-09-19T18:10:25.387+0000] {logging_mixin.py:190} INFO - Silver records: 840
[2026-09-19T18:10:25.387+0000] {logging_mixin.py:190} INFO - Silver columns: 11
[2026-09-19T18:10:25.398+0000] {logging_mixin.py:190} INFO - Loaded 840 silver records.
[2026-09-19T18:10:25.398+0000] {logging_mixin.py:190} INFO - Silver columns: 11
[2026-09-19T18:10:25.399+0000] {logging_mixin.py:190} INFO - City table created.
[2026-09-19T18:10:25.400+0000] {logging_mixin.py:190} INFO - Number of cities: 120
[2026-09-19T18:10:25.401+0000] {logging_mixin.py:190} INFO - Temperature categories created.
[2026-09-19T18:10:25.402+0000] {logging_mixin.py:190} INFO - temperature_category
Hot        540
Extreme    275
Normal      25
Cold         0
Name: count, dtype: int64
[2026-09-19T18:10:25.403+0000] {logging_mixin.py:190} INFO - Percipitaion categories created.
[2026-09-19T18:10:25.403+0000] {logging_mixin.py:190} INFO - precipitation_category
None        781
Light        59
Moderate      0
Heavy         0
Name: count, dtype: int64
[2026-09-19T18:10:25.404+0000] {logging_mixin.py:190} INFO - Wind speed categories created.
[2026-09-19T18:10:25.406+0000] {logging_mixin.py:190} INFO - <bound method IndexOpsMixin.value_counts of 0          Calm
1          Calm
2          Calm
3          Calm
4          Calm
         ...   
835        Calm
836    Moderate
837        Calm
838        Calm
839    Moderate
Name: wind_category, Length: 840, dtype: category
Categories (4, object): ['Calm' < 'Moderate' < 'Strong' < 'Extreme']>
[2026-09-19T18:10:25.413+0000] {logging_mixin.py:190} INFO - Risk score calculated.
[2026-09-19T18:10:25.416+0000] {logging_mixin.py:190} INFO - Gold parquet files saved successefully.
[2026-09-19T18:10:25.416+0000] {logging_mixin.py:190} INFO - Cities gold records: 120
[2026-09-19T18:10:25.416+0000] {logging_mixin.py:190} INFO - Weather gold records: 840
[2026-09-19T18:10:25.417+0000] {logging_mixin.py:190} INFO - Data transformed successefully.
[2026-09-19T18:10:25.417+0000] {python.py:240} INFO - Done. Returned value was: None
[2026-09-19T18:10:25.424+0000] {taskinstance.py:340} INFO - ::group::Post task execution logs
[2026-09-19T18:10:25.424+0000] {taskinstance.py:352} INFO - Marking task as SUCCESS. dag_id=etl_pipeline, task_id=transform, run_id=manual__2026-09-19T18:09:39.323089+00:00, execution_date=20260919T180939, start_date=20260919T181025, end_date=20260919T181025
[2026-09-19T18:10:25.451+0000] {local_task_job_runner.py:266} INFO - Task exited with return code 0
[2026-09-19T18:10:25.467+0000] {taskinstance.py:3895} INFO - 1 downstream tasks scheduled from follow-on schedule check
[2026-09-19T18:10:25.469+0000] {local_task_job_runner.py:245} INFO - ::endgroup::
